2026/09/12 18:17:14 [notice] 1#1: signal 3 (SIGQUIT) received, shutting down
2026/09/12 18:17:15 [notice] 28#28: gracefully shutting down
2026/09/12 18:17:15 [notice] 33#33: gracefully shutting down
2026/09/12 18:17:15 [notice] 24#24: gracefully shutting down
2026/09/12 18:17:15 [notice] 24#24: exiting
2026/09/12 18:17:15 [notice] 20#20: gracefully shutting down
2026/09/12 18:17:15 [notice] 32#32: gracefully shutting down
2026/09/12 18:17:15 [notice] 22#22: gracefully shutting down
2026/09/12 18:17:15 [notice] 34#34: gracefully shutting down
2026/09/12 18:17:15 [notice] 21#21: gracefully shutting down
2026/09/12 18:17:15 [notice] 35#35: gracefully shutting down
2026/09/12 18:17:15 [notice] 35#35: exiting
2026/09/12 18:17:15 [notice] 30#30: gracefully shutting down
2026/09/12 18:17:15 [notice] 35#35: exit
2026/09/12 18:17:15 [notice] 26#26: gracefully shutting down
2026/09/12 18:17:15 [notice] 31#31: gracefully shutting down
2026/09/12 18:17:15 [notice] 27#27: gracefully shutting down
2026/09/12 18:17:15 [notice] 23#23: gracefully shutting down
2026/09/12 18:17:15 [notice] 28#28: exiting
2026/09/12 18:17:15 [notice] 23#23: exiting
2026/09/12 18:17:15 [notice] 33#33: exiting
2026/09/12 18:17:15 [notice] 33#33: exit
2026/09/12 18:17:15 [notice] 32#32: exiting
2026/09/12 18:17:15 [notice] 22#22: exiting
2026/09/12 18:17:15 [notice] 34#34: exiting
2026/09/12 18:17:15 [notice] 20#20: exiting
2026/09/12 18:17:15 [notice] 21#21: exiting
2026/09/12 18:17:15 [notice] 29#29: gracefully shutting down
2026/09/12 18:17:15 [notice] 25#25: gracefully shutting down
2026/09/12 18:17:15 [notice] 24#24: exit
2026/09/12 18:17:15 [notice] 30#30: exiting
2026/09/12 18:17:15 [notice] 26#26: exiting
2026/09/12 18:17:15 [notice] 28#28: exit
2026/09/12 18:17:15 [notice] 23#23: exit
2026/09/12 18:17:15 [notice] 31#31: exiting
2026/09/12 18:17:15 [notice] 32#32: exit
2026/09/12 18:17:15 [notice] 34#34: exit
2026/09/12 18:17:15 [notice] 22#22: exit
2026/09/12 18:17:15 [notice] 20#20: exit
2026/09/12 18:17:15 [notice] 27#27: exiting
2026/09/12 18:17:15 [notice] 21#21: exit
2026/09/12 18:17:15 [notice] 29#29: exiting
2026/09/12 18:17:15 [notice] 25#25: exiting
2026/09/12 18:17:15 [notice] 29#29: exit
2026/09/12 18:17:15 [notice] 26#26: exit
2026/09/12 18:17:15 [notice] 25#25: exit
2026/09/12 18:17:15 [notice] 30#30: exit
2026/09/12 18:17:15 [notice] 31#31: exit
2026/09/12 18:17:15 [notice] 27#27: exit
2026/09/12 18:17:15 [notice] 1#1: signal 17 (SIGCHLD) received from 35
2026/09/12 18:17:15 [notice] 1#1: worker process 35 exited with code 0
2026/09/12 18:17:15 [notice] 1#1: signal 29 (SIGIO) received
2026/09/12 18:17:15 [notice] 1#1: signal 17 (SIGCHLD) received from 28
2026/09/12 18:17:15 [notice] 1#1: worker process 28 exited with code 0
2026/09/12 18:17:15 [notice] 1#1: worker process 29 exited with code 0
2026/09/12 18:17:15 [notice] 1#1: signal 29 (SIGIO) received
2026/09/12 18:17:15 [notice] 1#1: signal 17 (SIGCHLD) received from 29
2026/09/12 18:17:15 [notice] 1#1: signal 17 (SIGCHLD) received from 33
2026/09/12 18:17:15 [notice] 1#1: worker process 21 exited with code 0
2026/09/12 18:17:15 [notice] 1#1: worker process 22 exited with code 0
2026/09/12 18:17:15 [notice] 1#1: worker process 24 exited with code 0
2026/09/12 18:17:15 [notice] 1#1: worker process 25 exited with code 0
2026/09/12 18:17:15 [notice] 1#1: worker process 27 exited with code 0
2026/09/12 18:17:15 [notice] 1#1: worker process 31 exited with code 0
2026/09/12 18:17:15 [notice] 1#1: worker process 32 exited with code 0
2026/09/12 18:17:15 [notice] 1#1: worker process 33 exited with code 0
2026/09/12 18:17:15 [notice] 1#1: worker process 34 exited with code 0
2026/09/12 18:17:15 [notice] 1#1: signal 29 (SIGIO) received
2026/09/12 18:17:15 [notice] 1#1: signal 17 (SIGCHLD) received from 34
2026/09/12 18:17:15 [notice] 1#1: signal 17 (SIGCHLD) received from 26
2026/09/12 18:17:15 [notice] 1#1: worker process 20 exited with code 0
2026/09/12 18:17:15 [notice] 1#1: worker process 23 exited with code 0
2026/09/12 18:17:15 [notice] 1#1: worker process 26 exited with code 0
2026/09/12 18:17:15 [notice] 1#1: worker process 30 exited with code 0
2026/09/12 18:17:15 [notice] 1#1: exit
2026/09/13 01:02:06 [notice] 1#1: using the "epoll" event method
2026/09/13 01:02:06 [notice] 1#1: nginx/1.25.2
2026/09/13 01:02:06 [notice] 1#1: built by gcc 12.2.1 20220924 (Alpine 12.2.1_git20220924-r10) 
2026/09/13 01:02:06 [notice] 1#1: OS: Linux 5.10.16.3-microsoft-standard-WSL2
2026/09/13 01:02:06 [notice] 1#1: getrlimit(RLIMIT_NOFILE): 1048576:1048576
2026/09/13 01:02:06 [notice] 1#1: start worker processes
2026/09/13 01:02:06 [notice] 1#1: start worker process 20
2026/09/13 01:02:06 [notice] 1#1: start worker process 21
2026/09/13 01:02:06 [notice] 1#1: start worker process 22
2026/09/13 01:02:06 [notice] 1#1: start worker process 23
2026/09/13 01:02:06 [notice] 1#1: start worker process 24
2026/09/13 01:02:06 [notice] 1#1: start worker process 25
2026/09/13 01:02:06 [notice] 1#1: start worker process 26
2026/09/13 01:02:06 [notice] 1#1: start worker process 27
2026/09/13 01:02:06 [notice] 1#1: start worker process 28
2026/09/13 01:02:06 [notice] 1#1: start worker process 29
2026/09/13 01:02:06 [notice] 1#1: start worker process 30
2026/09/13 01:02:06 [notice] 1#1: start worker process 31
2026/09/13 01:02:06 [notice] 1#1: start worker process 32
2026/09/13 01:02:06 [notice] 1#1: start worker process 33
2026/09/13 01:02:06 [notice] 1#1: start worker process 34
2026/09/13 01:02:06 [notice] 1#1: start worker process 35
2026/09/13 04:40:32 [notice] 1#1: signal 3 (SIGQUIT) received, shutting down
2026/09/13 04:40:32 [notice] 23#23: gracefully shutting down
2026/09/13 04:40:32 [notice] 24#24: gracefully shutting down
2026/09/13 04:40:32 [notice] 32#32: gracefully shutting down
2026/09/13 04:40:32 [notice] 22#22: gracefully shutting down
2026/09/13 04:40:32 [notice] 21#21: gracefully shutting down
2026/09/13 04:40:32 [notice] 34#34: gracefully shutting down
2026/09/13 04:40:32 [notice] 25#25: gracefully shutting down
2026/09/13 04:40:32 [notice] 31#31: gracefully shutting down
2026/09/13 04:40:32 [notice] 27#27: gracefully shutting down
2026/09/13 04:40:32 [notice] 33#33: gracefully shutting down
2026/09/13 04:40:32 [notice] 20#20: gracefully shutting down
2026/09/13 04:40:32 [notice] 26#26: gracefully shutting down
2026/09/13 04:40:32 [notice] 28#28: gracefully shutting down
2026/09/13 04:40:32 [notice] 35#35: gracefully shutting down
2026/09/13 04:40:32 [notice] 31#31: exiting
2026/09/13 04:40:32 [notice] 30#30: gracefully shutting down
2026/09/13 04:40:32 [notice] 35#35: exiting
2026/09/13 04:40:32 [notice] 29#29: gracefully shutting down
2026/09/13 04:40:32 [notice] 28#28: exiting
2026/09/13 04:40:32 [notice] 21#21: exiting
2026/09/13 04:40:32 [notice] 32#32: exiting
2026/09/13 04:40:32 [notice] 23#23: exiting
2026/09/13 04:40:32 [notice] 24#24: exiting
2026/09/13 04:40:32 [notice] 35#35: exit
2026/09/13 04:40:32 [notice] 25#25: exiting
2026/09/13 04:40:32 [notice] 34#34: exiting
2026/09/13 04:40:32 [notice] 22#22: exiting
2026/09/13 04:40:32 [notice] 27#27: exiting
2026/09/13 04:40:32 [notice] 33#33: exiting
2026/09/13 04:40:32 [notice] 20#20: exiting
2026/09/13 04:40:32 [notice] 26#26: exiting
2026/09/13 04:40:32 [notice] 29#29: exiting
2026/09/13 04:40:32 [notice] 30#30: exiting
2026/09/13 04:40:32 [notice] 21#21: exit
2026/09/13 04:40:32 [notice] 31#31: exit
2026/09/13 04:40:32 [notice] 23#23: exit
2026/09/13 04:40:32 [notice] 32#32: exit
2026/09/13 04:40:32 [notice] 24#24: exit
2026/09/13 04:40:32 [notice] 28#28: exit
2026/09/13 04:40:32 [notice] 25#25: exit
2026/09/13 04:40:32 [notice] 34#34: exit
2026/09/13 04:40:32 [notice] 22#22: exit
2026/09/13 04:40:32 [notice] 27#27: exit
2026/09/13 04:40:32 [notice] 33#33: exit
2026/09/13 04:40:32 [notice] 20#20: exit
2026/09/13 04:40:32 [notice] 26#26: exit
2026/09/13 04:40:32 [notice] 29#29: exit
2026/09/13 04:40:32 [notice] 30#30: exit
2026/09/13 04:40:32 [notice] 1#1: signal 17 (SIGCHLD) received from 25
2026/09/13 04:40:32 [notice] 1#1: worker process 25 exited with code 0
2026/09/13 04:40:32 [notice] 1#1: signal 29 (SIGIO) received
2026/09/13 04:40:32 [notice] 1#1: signal 17 (SIGCHLD) received from 33
2026/09/13 04:40:32 [notice] 1#1: worker process 20 exited with code 0
2026/09/13 04:40:32 [notice] 1#1: worker process 21 exited with code 0
2026/09/13 04:40:32 [notice] 1#1: worker process 24 exited with code 0
2026/09/13 04:40:32 [notice] 1#1: worker process 30 exited with code 0
2026/09/13 04:40:32 [notice] 1#1: worker process 33 exited with code 0
2026/09/13 04:40:32 [notice] 1#1: worker process 35 exited with code 0
2026/09/13 04:40:32 [notice] 1#1: signal 29 (SIGIO) received
2026/09/13 04:40:32 [notice] 1#1: signal 17 (SIGCHLD) received from 24
2026/09/13 04:40:32 [notice] 1#1: signal 17 (SIGCHLD) received from 22
2026/09/13 04:40:32 [notice] 1#1: worker process 22 exited with code 0
2026/09/13 04:40:32 [notice] 1#1: worker process 23 exited with code 0
2026/09/13 04:40:32 [notice] 1#1: worker process 26 exited with code 0
2026/09/13 04:40:32 [notice] 1#1: worker process 27 exited with code 0
2026/09/13 04:40:32 [notice] 1#1: worker process 28 exited with code 0
2026/09/13 04:40:32 [notice] 1#1: worker process 29 exited with code 0
2026/09/13 04:40:32 [notice] 1#1: worker process 31 exited with code 0
2026/09/13 04:40:32 [notice] 1#1: worker process 32 exited with code 0
2026/09/13 04:40:32 [notice] 1#1: worker process 34 exited with code 0
2026/09/13 04:40:32 [notice] 1#1: exit
2026/09/13 07:17:43 [notice] 1#1: using the "epoll" event method
2026/09/13 07:17:43 [notice] 1#1: nginx/1.25.2
2026/09/13 07:17:43 [notice] 1#1: built by gcc 12.2.1 20220924 (Alpine 12.2.1_git20220924-r10) 
2026/09/13 07:17:43 [notice] 1#1: OS: Linux 5.10.16.3-microsoft-standard-WSL2
2026/09/13 07:17:43 [notice] 1#1: getrlimit(RLIMIT_NOFILE): 1048576:1048576
2026/09/13 07:17:43 [notice] 1#1: start worker processes
2026/09/13 07:17:43 [notice] 1#1: start worker process 20
2026/09/13 07:17:43 [notice] 1#1: start worker process 21
2026/09/13 07:17:43 [notice] 1#1: start worker process 22
2026/09/13 07:17:43 [notice] 1#1: start worker process 23
2026/09/13 07:17:43 [notice] 1#1: start worker process 24
2026/09/13 07:17:43 [notice] 1#1: start worker process 25
2026/09/13 07:17:43 [notice] 1#1: start worker process 26
2026/09/13 07:17:43 [notice] 1#1: start worker process 27
2026/09/13 07:17:43 [notice] 1#1: start worker process 28
2026/09/13 07:17:43 [notice] 1#1: start worker process 29
2026/09/13 07:17:43 [notice] 1#1: start worker process 30
2026/09/13 07:17:43 [notice] 1#1: start worker process 31
2026/09/13 07:17:43 [notice] 1#1: start worker process 32
2026/09/13 07:17:43 [notice] 1#1: start worker process 33
2026/09/13 07:17:43 [notice] 1#1: start worker process 34
2026/09/13 07:17:43 [notice] 1#1: start worker process 35
2026/09/13 10:15:50 [notice] 1#1: signal 3 (SIGQUIT) received, shutting down
2026/09/13 10:15:50 [notice] 24#24: gracefully shutting down
2026/09/13 10:15:50 [notice] 31#31: gracefully shutting down
2026/09/13 10:15:50 [notice] 24#24: exiting
2026/09/13 10:15:50 [notice] 31#31: exiting
2026/09/13 10:15:50 [notice] 23#23: gracefully shutting down
2026/09/13 10:15:50 [notice] 25#25: gracefully shutting down
2026/09/13 10:15:50 [notice] 27#27: gracefully shutting down
2026/09/13 10:15:50 [notice] 22#22: gracefully shutting down
2026/09/13 10:15:50 [notice] 21#21: gracefully shutting down
2026/09/13 10:15:50 [notice] 26#26: gracefully shutting down
2026/09/13 10:15:50 [notice] 31#31: exit
2026/09/13 10:15:50 [notice] 23#23: exiting
2026/09/13 10:15:50 [notice] 24#24: exit
2026/09/13 10:15:50 [notice] 20#20: gracefully shutting down
2026/09/13 10:15:50 [notice] 28#28: gracefully shutting down
2026/09/13 10:15:50 [notice] 32#32: gracefully shutting down
2026/09/13 10:15:50 [notice] 33#33: gracefully shutting down
2026/09/13 10:15:50 [notice] 29#29: gracefully shutting down
2026/09/13 10:15:50 [notice] 35#35: gracefully shutting down
2026/09/13 10:15:50 [notice] 34#34: gracefully shutting down
2026/09/13 10:15:50 [notice] 30#30: gracefully shutting down
2026/09/13 10:15:50 [notice] 29#29: exiting
2026/09/13 10:15:50 [notice] 22#22: exiting
2026/09/13 10:15:50 [notice] 27#27: exiting
2026/09/13 10:15:50 [notice] 25#25: exiting
2026/09/13 10:15:50 [notice] 22#22: exit
2026/09/13 10:15:50 [notice] 21#21: exiting
2026/09/13 10:15:50 [notice] 28#28: exiting
2026/09/13 10:15:50 [notice] 27#27: exit
2026/09/13 10:15:50 [notice] 32#32: exiting
2026/09/13 10:15:50 [notice] 33#33: exiting
2026/09/13 10:15:50 [notice] 26#26: exiting
2026/09/13 10:15:50 [notice] 33#33: exit
2026/09/13 10:15:50 [notice] 20#20: exiting
2026/09/13 10:15:50 [notice] 30#30: exiting
2026/09/13 10:15:50 [notice] 34#34: exiting
2026/09/13 10:15:50 [notice] 29#29: exit
2026/09/13 10:15:50 [notice] 35#35: exiting
2026/09/13 10:15:50 [notice] 25#25: exit
2026/09/13 10:15:50 [notice] 21#21: exit
2026/09/13 10:15:50 [notice] 23#23: exit
2026/09/13 10:15:50 [notice] 32#32: exit
2026/09/13 10:15:50 [notice] 28#28: exit
2026/09/13 10:15:50 [notice] 30#30: exit
2026/09/13 10:15:50 [notice] 20#20: exit
2026/09/13 10:15:50 [notice] 34#34: exit
2026/09/13 10:15:50 [notice] 26#26: exit
2026/09/13 10:15:50 [notice] 35#35: exit
2026/09/13 10:15:50 [notice] 1#1: signal 17 (SIGCHLD) received from 22
2026/09/13 10:15:50 [notice] 1#1: worker process 22 exited with code 0
2026/09/13 10:15:50 [notice] 1#1: signal 29 (SIGIO) received
2026/09/13 10:15:50 [notice] 1#1: signal 17 (SIGCHLD) received from 31
2026/09/13 10:15:50 [notice] 1#1: worker process 20 exited with code 0
2026/09/13 10:15:50 [notice] 1#1: worker process 23 exited with code 0
2026/09/13 10:15:50 [notice] 1#1: worker process 24 exited with code 0
2026/09/13 10:15:50 [notice] 1#1: worker process 25 exited with code 0
2026/09/13 10:15:50 [notice] 1#1: worker process 27 exited with code 0
2026/09/13 10:15:50 [notice] 1#1: worker process 28 exited with code 0
2026/09/13 10:15:50 [notice] 1#1: worker process 29 exited with code 0
2026/09/13 10:15:50 [notice] 1#1: worker process 30 exited with code 0
2026/09/13 10:15:50 [notice] 1#1: worker process 31 exited with code 0
2026/09/13 10:15:50 [notice] 1#1: worker process 33 exited with code 0
2026/09/13 10:15:50 [notice] 1#1: worker process 35 exited with code 0
2026/09/13 10:15:50 [notice] 1#1: signal 29 (SIGIO) received
2026/09/13 10:15:50 [notice] 1#1: signal 17 (SIGCHLD) received from 33
2026/09/13 10:15:50 [notice] 1#1: signal 17 (SIGCHLD) received from 26
2026/09/13 10:15:50 [notice] 1#1: worker process 21 exited with code 0
2026/09/13 10:15:50 [notice] 1#1: worker process 26 exited with code 0
2026/09/13 10:15:50 [notice] 1#1: worker process 32 exited with code 0
2026/09/13 10:15:50 [notice] 1#1: worker process 34 exited with code 0
2026/09/13 10:15:50 [notice] 1#1: exit
2026/09/14 04:01:17 [notice] 1#1: using the "epoll" event method
2026/09/14 04:01:17 [notice] 1#1: nginx/1.25.2
2026/09/14 04:01:17 [notice] 1#1: built by gcc 12.2.1 20220924 (Alpine 12.2.1_git20220924-r10) 
2026/09/14 04:01:17 [notice] 1#1: OS: Linux 5.10.16.3-microsoft-standard-WSL2
2026/09/14 04:01:17 [notice] 1#1: getrlimit(RLIMIT_NOFILE): 1048576:1048576
2026/09/14 04:01:17 [notice] 1#1: start worker processes
2026/09/14 04:01:17 [notice] 1#1: start worker process 20
2026/09/14 04:01:17 [notice] 1#1: start worker process 21
2026/09/14 04:01:17 [notice] 1#1: start worker process 22
2026/09/14 04:01:17 [notice] 1#1: start worker process 23
2026/09/14 04:01:17 [notice] 1#1: start worker process 24
2026/09/14 04:01:17 [notice] 1#1: start worker process 25
2026/09/14 04:01:17 [notice] 1#1: start worker process 26
2026/09/14 04:01:17 [notice] 1#1: start worker process 27
2026/09/14 04:01:17 [notice] 1#1: start worker process 28
2026/09/14 04:01:17 [notice] 1#1: start worker process 29
2026/09/14 04:01:17 [notice] 1#1: start worker process 30
2026/09/14 04:01:17 [notice] 1#1: start worker process 31
2026/09/14 04:01:17 [notice] 1#1: start worker process 32
2026/09/14 04:01:17 [notice] 1#1: start worker process 33
2026/09/14 04:01:17 [notice] 1#1: start worker process 34
2026/09/14 04:01:17 [notice] 1#1: start worker process 35
2026/09/14 07:35:39 [notice] 1#1: signal 3 (SIGQUIT) received, shutting down
2026/09/14 07:35:39 [notice] 20#20: gracefully shutting down
2026/09/14 07:35:39 [notice] 25#25: gracefully shutting down
2026/09/14 07:35:39 [notice] 24#24: gracefully shutting down
2026/09/14 07:35:39 [notice] 28#28: gracefully shutting down
2026/09/14 07:35:39 [notice] 21#21: gracefully shutting down
2026/09/14 07:35:39 [notice] 22#22: gracefully shutting down
2026/09/14 07:35:39 [notice] 30#30: gracefully shutting down
2026/09/14 07:35:39 [notice] 35#35: gracefully shutting down
2026/09/14 07:35:39 [notice] 29#29: gracefully shutting down
2026/09/14 07:35:39 [notice] 27#27: gracefully shutting down
2026/09/14 07:35:39 [notice] 22#22: exiting
2026/09/14 07:35:39 [notice] 31#31: gracefully shutting down
2026/09/14 07:35:39 [notice] 34#34: gracefully shutting down
2026/09/14 07:35:39 [notice] 33#33: gracefully shutting down
2026/09/14 07:35:39 [notice] 31#31: exiting
2026/09/14 07:35:39 [notice] 23#23: gracefully shutting down
2026/09/14 07:35:39 [notice] 26#26: gracefully shutting down
2026/09/14 07:35:39 [notice] 32#32: gracefully shutting down
2026/09/14 07:35:39 [notice] 28#28: exiting
2026/09/14 07:35:39 [notice] 20#20: exiting
2026/09/14 07:35:39 [notice] 25#25: exiting
2026/09/14 07:35:39 [notice] 30#30: exiting
2026/09/14 07:35:39 [notice] 24#24: exiting
2026/09/14 07:35:39 [notice] 27#27: exiting
2026/09/14 07:35:39 [notice] 35#35: exiting
2026/09/14 07:35:39 [notice] 31#31: exit
2026/09/14 07:35:39 [notice] 22#22: exit
2026/09/14 07:35:39 [notice] 34#34: exiting
2026/09/14 07:35:39 [notice] 21#21: exiting
2026/09/14 07:35:39 [notice] 28#28: exit
2026/09/14 07:35:39 [notice] 20#20: exit
2026/09/14 07:35:39 [notice] 25#25: exit
2026/09/14 07:35:39 [notice] 30#30: exit
2026/09/14 07:35:39 [notice] 24#24: exit
2026/09/14 07:35:39 [notice] 27#27: exit
2026/09/14 07:35:39 [notice] 35#35: exit
2026/09/14 07:35:39 [notice] 34#34: exit
2026/09/14 07:35:39 [notice] 21#21: exit
2026/09/14 07:35:39 [notice] 23#23: exiting
2026/09/14 07:35:39 [notice] 23#23: exit
2026/09/14 07:35:39 [notice] 29#29: exiting
2026/09/14 07:35:39 [notice] 29#29: exit
2026/09/14 07:35:39 [notice] 26#26: exiting
2026/09/14 07:35:39 [notice] 26#26: exit
2026/09/14 07:35:39 [notice] 33#33: exiting
2026/09/14 07:35:39 [notice] 33#33: exit
2026/09/14 07:35:39 [notice] 32#32: exiting
2026/09/14 07:35:39 [notice] 32#32: exit
2026/09/14 07:35:39 [notice] 1#1: signal 17 (SIGCHLD) received from 22
2026/09/14 07:35:39 [notice] 1#1: worker process 22 exited with code 0
2026/09/14 07:35:39 [notice] 1#1: signal 29 (SIGIO) received
2026/09/14 07:35:39 [notice] 1#1: signal 17 (SIGCHLD) received from 24
2026/09/14 07:35:39 [notice] 1#1: worker process 24 exited with code 0
2026/09/14 07:35:39 [notice] 1#1: signal 29 (SIGIO) received
2026/09/14 07:35:39 [notice] 1#1: signal 17 (SIGCHLD) received from 33
2026/09/14 07:35:39 [notice] 1#1: worker process 20 exited with code 0
2026/09/14 07:35:39 [notice] 1#1: worker process 21 exited with code 0
2026/09/14 07:35:39 [notice] 1#1: worker process 23 exited with code 0
2026/09/14 07:35:39 [notice] 1#1: worker process 25 exited with code 0
2026/09/14 07:35:39 [notice] 1#1: worker process 27 exited with code 0
2026/09/14 07:35:39 [notice] 1#1: worker process 29 exited with code 0
2026/09/14 07:35:39 [notice] 1#1: worker process 30 exited with code 0
2026/09/14 07:35:39 [notice] 1#1: worker process 31 exited with code 0
2026/09/14 07:35:39 [notice] 1#1: worker process 32 exited with code 0
2026/09/14 07:35:39 [notice] 1#1: worker process 33 exited with code 0
2026/09/14 07:35:39 [notice] 1#1: worker process 34 exited with code 0
2026/09/14 07:35:39 [notice] 1#1: worker process 35 exited with code 0
2026/09/14 07:35:39 [notice] 1#1: signal 29 (SIGIO) received
2026/09/14 07:35:39 [notice] 1#1: signal 17 (SIGCHLD) received from 21
2026/09/14 07:35:39 [notice] 1#1: signal 17 (SIGCHLD) received from 28
2026/09/14 07:35:39 [notice] 1#1: worker process 28 exited with code 0
2026/09/14 07:35:39 [notice] 1#1: signal 29 (SIGIO) received
2026/09/14 07:35:39 [notice] 1#1: signal 17 (SIGCHLD) received from 26
2026/09/14 07:35:39 [notice] 1#1: worker process 26 exited with code 0
2026/09/14 07:35:39 [notice] 1#1: exit
2026/09/14 09:39:53 [notice] 1#1: using the "epoll" event method
2026/09/14 09:39:53 [notice] 1#1: nginx/1.25.2
2026/09/14 09:39:53 [notice] 1#1: built by gcc 12.2.1 20220924 (Alpine 12.2.1_git20220924-r10) 
2026/09/14 09:39:53 [notice] 1#1: OS: Linux 5.10.16.3-microsoft-standard-WSL2
2026/09/14 09:39:53 [notice] 1#1: getrlimit(RLIMIT_NOFILE): 1048576:1048576
2026/09/14 09:39:53 [notice] 1#1: start worker processes
2026/09/14 09:39:53 [notice] 1#1: start worker process 20
2026/09/14 09:39:53 [notice] 1#1: start worker process 21
2026/09/14 09:39:53 [notice] 1#1: start worker process 22
2026/09/14 09:39:53 [notice] 1#1: start worker process 23
2026/09/14 09:39:53 [notice] 1#1: start worker process 24
2026/09/14 09:39:53 [notice] 1#1: start worker process 25
2026/09/14 09:39:53 [notice] 1#1: start worker process 26
2026/09/14 09:39:53 [notice] 1#1: start worker process 27
2026/09/14 09:39:53 [notice] 1#1: start worker process 28
2026/09/14 09:39:53 [notice] 1#1: start worker process 29
2026/09/14 09:39:53 [notice] 1#1: start worker process 30
2026/09/14 09:39:53 [notice] 1#1: start worker process 31
2026/09/14 09:39:53 [notice] 1#1: start worker process 32
2026/09/14 09:39:53 [notice] 1#1: start worker process 33
2026/09/14 09:39:53 [notice] 1#1: start worker process 34
2026/09/14 09:39:53 [notice] 1#1: start worker process 35
2026/09/14 12:07:11 [notice] 1#1: signal 3 (SIGQUIT) received, shutting down
2026/09/14 12:07:11 [notice] 22#22: gracefully shutting down
2026/09/14 12:07:11 [notice] 33#33: gracefully shutting down
2026/09/14 12:07:11 [notice] 21#21: gracefully shutting down
2026/09/14 12:07:11 [notice] 20#20: gracefully shutting down
2026/09/14 12:07:11 [notice] 31#31: gracefully shutting down
2026/09/14 12:07:11 [notice] 34#34: gracefully shutting down
2026/09/14 12:07:11 [notice] 24#24: gracefully shutting down
2026/09/14 12:07:11 [notice] 35#35: gracefully shutting down
2026/09/14 12:07:11 [notice] 23#23: gracefully shutting down
2026/09/14 12:07:11 [notice] 28#28: gracefully shutting down
2026/09/14 12:07:11 [notice] 29#29: gracefully shutting down
2026/09/14 12:07:11 [notice] 33#33: exiting
2026/09/14 12:07:11 [notice] 32#32: gracefully shutting down
2026/09/14 12:07:11 [notice] 21#21: exiting
2026/09/14 12:07:11 [notice] 30#30: gracefully shutting down
2026/09/14 12:07:11 [notice] 29#29: exiting
2026/09/14 12:07:11 [notice] 25#25: gracefully shutting down
2026/09/14 12:07:11 [notice] 20#20: exiting
2026/09/14 12:07:11 [notice] 27#27: gracefully shutting down
2026/09/14 12:07:11 [notice] 26#26: gracefully shutting down
2026/09/14 12:07:11 [notice] 31#31: exiting
2026/09/14 12:07:11 [notice] 29#29: exit
2026/09/14 12:07:11 [notice] 34#34: exiting
2026/09/14 12:07:11 [notice] 24#24: exiting
2026/09/14 12:07:11 [notice] 35#35: exiting
2026/09/14 12:07:11 [notice] 32#32: exiting
2026/09/14 12:07:11 [notice] 28#28: exiting
2026/09/14 12:07:11 [notice] 22#22: exiting
2026/09/14 12:07:11 [notice] 30#30: exiting
2026/09/14 12:07:11 [notice] 21#21: exit
2026/09/14 12:07:11 [notice] 28#28: exit
2026/09/14 12:07:11 [notice] 33#33: exit
2026/09/14 12:07:11 [notice] 20#20: exit
2026/09/14 12:07:11 [notice] 26#26: exiting
2026/09/14 12:07:11 [notice] 31#31: exit
2026/09/14 12:07:11 [notice] 34#34: exit
2026/09/14 12:07:11 [notice] 27#27: exiting
2026/09/14 12:07:11 [notice] 23#23: exiting
2026/09/14 12:07:11 [notice] 35#35: exit
2026/09/14 12:07:11 [notice] 25#25: exiting
2026/09/14 12:07:11 [notice] 26#26: exit
2026/09/14 12:07:11 [notice] 27#27: exit
2026/09/14 12:07:11 [notice] 25#25: exit
2026/09/14 12:07:11 [notice] 32#32: exit
2026/09/14 12:07:11 [notice] 22#22: exit
2026/09/14 12:07:11 [notice] 24#24: exit
2026/09/14 12:07:11 [notice] 30#30: exit
2026/09/14 12:07:11 [notice] 23#23: exit
2026/09/14 12:07:11 [notice] 1#1: signal 17 (SIGCHLD) received from 25
2026/09/14 12:07:11 [notice] 1#1: worker process 21 exited with code 0
2026/09/14 12:07:11 [notice] 1#1: worker process 23 exited with code 0
2026/09/14 12:07:11 [notice] 1#1: worker process 24 exited with code 0
2026/09/14 12:07:11 [notice] 1#1: worker process 25 exited with code 0
2026/09/14 12:07:11 [notice] 1#1: worker process 26 exited with code 0
2026/09/14 12:07:11 [notice] 1#1: worker process 27 exited with code 0
2026/09/14 12:07:11 [notice] 1#1: worker process 28 exited with code 0
2026/09/14 12:07:11 [notice] 1#1: worker process 32 exited with code 0
2026/09/14 12:07:11 [notice] 1#1: worker process 34 exited with code 0
2026/09/14 12:07:11 [notice] 1#1: signal 29 (SIGIO) received
2026/09/14 12:07:11 [notice] 1#1: signal 17 (SIGCHLD) received from 28
2026/09/14 12:07:11 [notice] 1#1: signal 17 (SIGCHLD) received from 33
2026/09/14 12:07:11 [notice] 1#1: worker process 20 exited with code 0
2026/09/14 12:07:11 [notice] 1#1: worker process 29 exited with code 0
2026/09/14 12:07:11 [notice] 1#1: worker process 33 exited with code 0
2026/09/14 12:07:11 [notice] 1#1: signal 29 (SIGIO) received
2026/09/14 12:07:11 [notice] 1#1: signal 17 (SIGCHLD) received from 29
2026/09/14 12:07:11 [notice] 1#1: signal 17 (SIGCHLD) received from 30
2026/09/14 12:07:11 [notice] 1#1: worker process 22 exited with code 0
2026/09/14 12:07:11 [notice] 1#1: worker process 30 exited with code 0
2026/09/14 12:07:11 [notice] 1#1: worker process 31 exited with code 0
2026/09/14 12:07:11 [notice] 1#1: worker process 35 exited with code 0
2026/09/14 12:07:11 [notice] 1#1: exit
2026/09/15 01:39:42 [notice] 1#1: using the "epoll" event method
2026/09/15 01:39:42 [notice] 1#1: nginx/1.25.2
2026/09/15 01:39:42 [notice] 1#1: built by gcc 12.2.1 20220924 (Alpine 12.2.1_git20220924-r10) 
2026/09/15 01:39:42 [notice] 1#1: OS: Linux 5.10.16.3-microsoft-standard-WSL2
2026/09/15 01:39:42 [notice] 1#1: getrlimit(RLIMIT_NOFILE): 1048576:1048576
2026/09/15 01:39:42 [notice] 1#1: start worker processes
2026/09/15 01:39:42 [notice] 1#1: start worker process 20
2026/09/15 01:39:42 [notice] 1#1: start worker process 21
2026/09/15 01:39:42 [notice] 1#1: start worker process 22
2026/09/15 01:39:42 [notice] 1#1: start worker process 23
2026/09/15 01:39:42 [notice] 1#1: start worker process 24
2026/09/15 01:39:42 [notice] 1#1: start worker process 25
2026/09/15 01:39:42 [notice] 1#1: start worker process 26
2026/09/15 01:39:42 [notice] 1#1: start worker process 27
2026/09/15 01:39:42 [notice] 1#1: start worker process 28
2026/09/15 01:39:42 [notice] 1#1: start worker process 29
2026/09/15 01:39:42 [notice] 1#1: start worker process 30
2026/09/15 01:39:42 [notice] 1#1: start worker process 31
2026/09/15 01:39:42 [notice] 1#1: start worker process 32
2026/09/15 01:39:42 [notice] 1#1: start worker process 33
2026/09/15 01:39:42 [notice] 1#1: start worker process 34
2026/09/15 01:39:42 [notice] 1#1: start worker process 35
2026/09/15 05:02:50 [notice] 1#1: signal 3 (SIGQUIT) received, shutting down
2026/09/15 05:02:50 [notice] 20#20: gracefully shutting down
2026/09/15 05:02:50 [notice] 25#25: gracefully shutting down
2026/09/15 05:02:50 [notice] 21#21: gracefully shutting down
2026/09/15 05:02:50 [notice] 20#20: exiting
2026/09/15 05:02:50 [notice] 33#33: gracefully shutting down
2026/09/15 05:02:50 [notice] 31#31: gracefully shutting down
2026/09/15 05:02:50 [notice] 33#33: exiting
2026/09/15 05:02:50 [notice] 22#22: gracefully shutting down
2026/09/15 05:02:50 [notice] 22#22: exiting
2026/09/15 05:02:50 [notice] 30#30: gracefully shutting down
2026/09/15 05:02:50 [notice] 27#27: gracefully shutting down
2026/09/15 05:02:50 [notice] 33#33: exit
2026/09/15 05:02:50 [notice] 28#28: gracefully shutting down
2026/09/15 05:02:50 [notice] 26#26: gracefully shutting down
2026/09/15 05:02:50 [notice] 25#25: exiting
2026/09/15 05:02:50 [notice] 32#32: gracefully shutting down
2026/09/15 05:02:50 [notice] 28#28: exiting
2026/09/15 05:02:50 [notice] 26#26: exiting
2026/09/15 05:02:50 [notice] 34#34: gracefully shutting down
2026/09/15 05:02:50 [notice] 29#29: gracefully shutting down
2026/09/15 05:02:50 [notice] 26#26: exit
2026/09/15 05:02:50 [notice] 35#35: gracefully shutting down
2026/09/15 05:02:50 [notice] 23#23: gracefully shutting down
2026/09/15 05:02:50 [notice] 24#24: gracefully shutting down
2026/09/15 05:02:50 [notice] 31#31: exiting
2026/09/15 05:02:50 [notice] 21#21: exiting
2026/09/15 05:02:50 [notice] 30#30: exiting
2026/09/15 05:02:50 [notice] 21#21: exit
2026/09/15 05:02:50 [notice] 30#30: exit
2026/09/15 05:02:50 [notice] 20#20: exit
2026/09/15 05:02:50 [notice] 22#22: exit
2026/09/15 05:02:50 [notice] 27#27: exiting
2026/09/15 05:02:50 [notice] 32#32: exiting
2026/09/15 05:02:50 [notice] 28#28: exit
2026/09/15 05:02:50 [notice] 25#25: exit
2026/09/15 05:02:50 [notice] 34#34: exiting
2026/09/15 05:02:50 [notice] 35#35: exiting
2026/09/15 05:02:50 [notice] 29#29: exiting
2026/09/15 05:02:50 [notice] 24#24: exiting
2026/09/15 05:02:50 [notice] 31#31: exit
2026/09/15 05:02:50 [notice] 23#23: exiting
2026/09/15 05:02:50 [notice] 27#27: exit
2026/09/15 05:02:50 [notice] 32#32: exit
2026/09/15 05:02:50 [notice] 34#34: exit
2026/09/15 05:02:50 [notice] 35#35: exit
2026/09/15 05:02:50 [notice] 24#24: exit
2026/09/15 05:02:50 [notice] 23#23: exit
2026/09/15 05:02:50 [notice] 29#29: exit
2026/09/15 05:02:50 [notice] 1#1: signal 17 (SIGCHLD) received from 29
2026/09/15 05:02:50 [notice] 1#1: worker process 20 exited with code 0
2026/09/15 05:02:50 [notice] 1#1: worker process 28 exited with code 0
2026/09/15 05:02:50 [notice] 1#1: worker process 29 exited with code 0
2026/09/15 05:02:50 [notice] 1#1: worker process 31 exited with code 0
2026/09/15 05:02:50 [notice] 1#1: signal 29 (SIGIO) received
2026/09/15 05:02:50 [notice] 1#1: signal 17 (SIGCHLD) received from 28
2026/09/15 05:02:50 [notice] 1#1: signal 17 (SIGCHLD) received from 32
2026/09/15 05:02:50 [notice] 1#1: worker process 21 exited with code 0
2026/09/15 05:02:50 [notice] 1#1: worker process 22 exited with code 0
2026/09/15 05:02:50 [notice] 1#1: worker process 30 exited with code 0
2026/09/15 05:02:50 [notice] 1#1: worker process 32 exited with code 0
2026/09/15 05:02:50 [notice] 1#1: worker process 33 exited with code 0
2026/09/15 05:02:50 [notice] 1#1: signal 29 (SIGIO) received
2026/09/15 05:02:50 [notice] 1#1: signal 17 (SIGCHLD) received from 21
2026/09/15 05:02:50 [notice] 1#1: signal 17 (SIGCHLD) received from 25
2026/09/15 05:02:50 [notice] 1#1: worker process 23 exited with code 0
2026/09/15 05:02:50 [notice] 1#1: worker process 24 exited with code 0
2026/09/15 05:02:50 [notice] 1#1: worker process 25 exited with code 0
2026/09/15 05:02:50 [notice] 1#1: worker process 26 exited with code 0
2026/09/15 05:02:50 [notice] 1#1: worker process 27 exited with code 0
2026/09/15 05:02:50 [notice] 1#1: worker process 34 exited with code 0
2026/09/15 05:02:50 [notice] 1#1: worker process 35 exited with code 0
2026/09/15 05:02:50 [notice] 1#1: exit
2026/09/15 05:51:20 [notice] 1#1: using the "epoll" event method
2026/09/15 05:51:20 [notice] 1#1: nginx/1.25.2
2026/09/15 05:51:20 [notice] 1#1: built by gcc 12.2.1 20220924 (Alpine 12.2.1_git20220924-r10) 
2026/09/15 05:51:20 [notice] 1#1: OS: Linux 5.10.16.3-microsoft-standard-WSL2
2026/09/15 05:51:20 [notice] 1#1: getrlimit(RLIMIT_NOFILE): 1048576:1048576
2026/09/15 05:51:20 [notice] 1#1: start worker processes
2026/09/15 05:51:20 [notice] 1#1: start worker process 20
2026/09/15 05:51:20 [notice] 1#1: start worker process 21
2026/09/15 05:51:20 [notice] 1#1: start worker process 22
2026/09/15 05:51:20 [notice] 1#1: start worker process 23
2026/09/15 05:51:20 [notice] 1#1: start worker process 24
2026/09/15 05:51:20 [notice] 1#1: start worker process 25
2026/09/15 05:51:20 [notice] 1#1: start worker process 26
2026/09/15 05:51:20 [notice] 1#1: start worker process 27
2026/09/15 05:51:20 [notice] 1#1: start worker process 28
2026/09/15 05:51:20 [notice] 1#1: start worker process 29
2026/09/15 05:51:20 [notice] 1#1: start worker process 30
2026/09/15 05:51:20 [notice] 1#1: start worker process 31
2026/09/15 05:51:20 [notice] 1#1: start worker process 32
2026/09/15 05:51:20 [notice] 1#1: start worker process 33
2026/09/15 05:51:20 [notice] 1#1: start worker process 34
2026/09/15 05:51:20 [notice] 1#1: start worker process 35
2026/09/15 07:05:08 [notice] 1#1: signal 3 (SIGQUIT) received, shutting down
2026/09/15 07:05:08 [notice] 21#21: gracefully shutting down
2026/09/15 07:05:08 [notice] 20#20: gracefully shutting down
2026/09/15 07:05:08 [notice] 32#32: gracefully shutting down
2026/09/15 07:05:08 [notice] 22#22: gracefully shutting down
2026/09/15 07:05:08 [notice] 23#23: gracefully shutting down
2026/09/15 07:05:08 [notice] 26#26: gracefully shutting down
2026/09/15 07:05:08 [notice] 29#29: gracefully shutting down
2026/09/15 07:05:08 [notice] 33#33: gracefully shutting down
2026/09/15 07:05:08 [notice] 28#28: gracefully shutting down
2026/09/15 07:05:08 [notice] 31#31: gracefully shutting down
2026/09/15 07:05:08 [notice] 34#34: gracefully shutting down
2026/09/15 07:05:08 [notice] 31#31: exiting
2026/09/15 07:05:08 [notice] 30#30: gracefully shutting down
2026/09/15 07:05:08 [notice] 24#24: gracefully shutting down
2026/09/15 07:05:08 [notice] 27#27: gracefully shutting down
2026/09/15 07:05:08 [notice] 35#35: gracefully shutting down
2026/09/15 07:05:08 [notice] 25#25: gracefully shutting down
2026/09/15 07:05:08 [notice] 32#32: exiting
2026/09/15 07:05:08 [notice] 21#21: exiting
2026/09/15 07:05:08 [notice] 20#20: exiting
2026/09/15 07:05:08 [notice] 23#23: exiting
2026/09/15 07:05:08 [notice] 26#26: exiting
2026/09/15 07:05:08 [notice] 33#33: exiting
2026/09/15 07:05:08 [notice] 28#28: exiting
2026/09/15 07:05:08 [notice] 29#29: exiting
2026/09/15 07:05:08 [notice] 22#22: exiting
2026/09/15 07:05:08 [notice] 30#30: exiting
2026/09/15 07:05:08 [notice] 34#34: exiting
2026/09/15 07:05:08 [notice] 22#22: exit
2026/09/15 07:05:08 [notice] 35#35: exiting
2026/09/15 07:05:08 [notice] 31#31: exit
2026/09/15 07:05:08 [notice] 27#27: exiting
2026/09/15 07:05:08 [notice] 24#24: exiting
2026/09/15 07:05:08 [notice] 21#21: exit
2026/09/15 07:05:08 [notice] 20#20: exit
2026/09/15 07:05:08 [notice] 25#25: exiting
2026/09/15 07:05:08 [notice] 32#32: exit
2026/09/15 07:05:08 [notice] 23#23: exit
2026/09/15 07:05:08 [notice] 26#26: exit
2026/09/15 07:05:08 [notice] 33#33: exit
2026/09/15 07:05:08 [notice] 28#28: exit
2026/09/15 07:05:08 [notice] 29#29: exit
2026/09/15 07:05:08 [notice] 34#34: exit
2026/09/15 07:05:08 [notice] 30#30: exit
2026/09/15 07:05:08 [notice] 35#35: exit
2026/09/15 07:05:08 [notice] 27#27: exit
2026/09/15 07:05:08 [notice] 24#24: exit
2026/09/15 07:05:08 [notice] 25#25: exit
2026/09/15 07:05:08 [notice] 1#1: signal 17 (SIGCHLD) received from 26
2026/09/15 07:05:08 [notice] 1#1: worker process 26 exited with code 0
2026/09/15 07:05:08 [notice] 1#1: worker process 28 exited with code 0
2026/09/15 07:05:08 [notice] 1#1: signal 29 (SIGIO) received
2026/09/15 07:05:08 [notice] 1#1: signal 17 (SIGCHLD) received from 28
2026/09/15 07:05:08 [notice] 1#1: signal 17 (SIGCHLD) received from 35
2026/09/15 07:05:08 [notice] 1#1: worker process 22 exited with code 0
2026/09/15 07:05:08 [notice] 1#1: worker process 25 exited with code 0
2026/09/15 07:05:08 [notice] 1#1: worker process 27 exited with code 0
2026/09/15 07:05:08 [notice] 1#1: worker process 30 exited with code 0
2026/09/15 07:05:08 [notice] 1#1: worker process 35 exited with code 0
2026/09/15 07:05:08 [notice] 1#1: signal 29 (SIGIO) received
2026/09/15 07:05:08 [notice] 1#1: signal 17 (SIGCHLD) received from 25
2026/09/15 07:05:08 [notice] 1#1: signal 17 (SIGCHLD) received from 23
2026/09/15 07:05:08 [notice] 1#1: worker process 23 exited with code 0
2026/09/15 07:05:08 [notice] 1#1: signal 29 (SIGIO) received
2026/09/15 07:05:08 [notice] 1#1: signal 17 (SIGCHLD) received from 20
2026/09/15 07:05:08 [notice] 1#1: worker process 20 exited with code 0
2026/09/15 07:05:08 [notice] 1#1: worker process 21 exited with code 0
2026/09/15 07:05:08 [notice] 1#1: worker process 24 exited with code 0
2026/09/15 07:05:08 [notice] 1#1: worker process 31 exited with code 0
2026/09/15 07:05:08 [notice] 1#1: worker process 32 exited with code 0
2026/09/15 07:05:08 [notice] 1#1: worker process 33 exited with code 0
2026/09/15 07:05:08 [notice] 1#1: worker process 34 exited with code 0
2026/09/15 07:05:08 [notice] 1#1: signal 29 (SIGIO) received
2026/09/15 07:05:08 [notice] 1#1: signal 17 (SIGCHLD) received from 21
2026/09/15 07:05:08 [notice] 1#1: signal 17 (SIGCHLD) received from 29
2026/09/15 07:05:08 [notice] 1#1: worker process 29 exited with code 0
2026/09/15 07:05:08 [notice] 1#1: exit
2026/09/15 09:26:30 [notice] 1#1: using the "epoll" event method
2026/09/15 09:26:30 [notice] 1#1: nginx/1.25.2
2026/09/15 09:26:30 [notice] 1#1: built by gcc 12.2.1 20220924 (Alpine 12.2.1_git20220924-r10) 
2026/09/15 09:26:30 [notice] 1#1: OS: Linux 5.10.16.3-microsoft-standard-WSL2
2026/09/15 09:26:30 [notice] 1#1: getrlimit(RLIMIT_NOFILE): 1048576:1048576
2026/09/15 09:26:30 [notice] 1#1: start worker processes
2026/09/15 09:26:30 [notice] 1#1: start worker process 20
2026/09/15 09:26:30 [notice] 1#1: start worker process 21
2026/09/15 09:26:30 [notice] 1#1: start worker process 22
2026/09/15 09:26:30 [notice] 1#1: start worker process 23
2026/09/15 09:26:30 [notice] 1#1: start worker process 24
2026/09/15 09:26:30 [notice] 1#1: start worker process 25
2026/09/15 09:26:30 [notice] 1#1: start worker process 26
2026/09/15 09:26:30 [notice] 1#1: start worker process 27
2026/09/15 09:26:30 [notice] 1#1: start worker process 28
2026/09/15 09:26:30 [notice] 1#1: start worker process 29
2026/09/15 09:26:30 [notice] 1#1: start worker process 30
2026/09/15 09:26:30 [notice] 1#1: start worker process 31
2026/09/15 09:26:30 [notice] 1#1: start worker process 32
2026/09/15 09:26:30 [notice] 1#1: start worker process 33
2026/09/15 09:26:30 [notice] 1#1: start worker process 34
2026/09/15 09:26:30 [notice] 1#1: start worker process 35
2026/09/15 12:06:36 [notice] 1#1: signal 3 (SIGQUIT) received, shutting down
2026/09/15 12:06:36 [notice] 20#20: gracefully shutting down
2026/09/15 12:06:36 [notice] 33#33: gracefully shutting down
2026/09/15 12:06:36 [notice] 33#33: exiting
2026/09/15 12:06:36 [notice] 27#27: gracefully shutting down
2026/09/15 12:06:36 [notice] 33#33: exit
2026/09/15 12:06:36 [notice] 30#30: gracefully shutting down
2026/09/15 12:06:36 [notice] 30#30: exiting
2026/09/15 12:06:36 [notice] 22#22: gracefully shutting down
2026/09/15 12:06:36 [notice] 29#29: gracefully shutting down
2026/09/15 12:06:36 [notice] 31#31: gracefully shutting down
2026/09/15 12:06:36 [notice] 23#23: gracefully shutting down
2026/09/15 12:06:36 [notice] 34#34: gracefully shutting down
2026/09/15 12:06:36 [notice] 21#21: gracefully shutting down
2026/09/15 12:06:36 [notice] 26#26: gracefully shutting down
2026/09/15 12:06:36 [notice] 32#32: gracefully shutting down
2026/09/15 12:06:36 [notice] 35#35: gracefully shutting down
2026/09/15 12:06:36 [notice] 24#24: gracefully shutting down
2026/09/15 12:06:36 [notice] 25#25: gracefully shutting down
2026/09/15 12:06:36 [notice] 28#28: gracefully shutting down
2026/09/15 12:06:36 [notice] 20#20: exiting
2026/09/15 12:06:36 [notice] 27#27: exiting
2026/09/15 12:06:36 [notice] 20#20: exit
2026/09/15 12:06:36 [notice] 27#27: exit
2026/09/15 12:06:36 [notice] 26#26: exiting
2026/09/15 12:06:36 [notice] 30#30: exit
2026/09/15 12:06:36 [notice] 22#22: exiting
2026/09/15 12:06:36 [notice] 26#26: exit
2026/09/15 12:06:36 [notice] 29#29: exiting
2026/09/15 12:06:36 [notice] 23#23: exiting
2026/09/15 12:06:36 [notice] 23#23: exit
2026/09/15 12:06:36 [notice] 31#31: exiting
2026/09/15 12:06:36 [notice] 34#34: exiting
2026/09/15 12:06:36 [notice] 21#21: exiting
2026/09/15 12:06:36 [notice] 32#32: exiting
2026/09/15 12:06:36 [notice] 35#35: exiting
2026/09/15 12:06:36 [notice] 25#25: exiting
2026/09/15 12:06:36 [notice] 24#24: exiting
2026/09/15 12:06:36 [notice] 28#28: exiting
2026/09/15 12:06:36 [notice] 22#22: exit
2026/09/15 12:06:36 [notice] 29#29: exit
2026/09/15 12:06:36 [notice] 34#34: exit
2026/09/15 12:06:36 [notice] 31#31: exit
2026/09/15 12:06:36 [notice] 35#35: exit
2026/09/15 12:06:36 [notice] 21#21: exit
2026/09/15 12:06:36 [notice] 32#32: exit
2026/09/15 12:06:36 [notice] 25#25: exit
2026/09/15 12:06:36 [notice] 24#24: exit
2026/09/15 12:06:36 [notice] 28#28: exit
2026/09/15 12:06:36 [notice] 1#1: signal 17 (SIGCHLD) received from 31
2026/09/15 12:06:36 [notice] 1#1: worker process 20 exited with code 0
2026/09/15 12:06:36 [notice] 1#1: worker process 21 exited with code 0
2026/09/15 12:06:36 [notice] 1#1: worker process 22 exited with code 0
2026/09/15 12:06:36 [notice] 1#1: worker process 23 exited with code 0
2026/09/15 12:06:36 [notice] 1#1: worker process 24 exited with code 0
2026/09/15 12:06:36 [notice] 1#1: worker process 27 exited with code 0
2026/09/15 12:06:36 [notice] 1#1: worker process 30 exited with code 0
2026/09/15 12:06:36 [notice] 1#1: worker process 31 exited with code 0
2026/09/15 12:06:36 [notice] 1#1: worker process 32 exited with code 0
2026/09/15 12:06:36 [notice] 1#1: worker process 33 exited with code 0
2026/09/15 12:06:36 [notice] 1#1: signal 29 (SIGIO) received
2026/09/15 12:06:36 [notice] 1#1: signal 17 (SIGCHLD) received from 23
2026/09/15 12:06:36 [notice] 1#1: signal 17 (SIGCHLD) received from 25
2026/09/15 12:06:36 [notice] 1#1: worker process 25 exited with code 0
2026/09/15 12:06:36 [notice] 1#1: worker process 34 exited with code 0
2026/09/15 12:06:36 [notice] 1#1: signal 29 (SIGIO) received
2026/09/15 12:06:36 [notice] 1#1: signal 17 (SIGCHLD) received from 34
2026/09/15 12:06:36 [notice] 1#1: signal 17 (SIGCHLD) received from 29
2026/09/15 12:06:36 [notice] 1#1: worker process 26 exited with code 0
2026/09/15 12:06:36 [notice] 1#1: worker process 28 exited with code 0
2026/09/15 12:06:36 [notice] 1#1: worker process 29 exited with code 0
2026/09/15 12:06:36 [notice] 1#1: worker process 35 exited with code 0
2026/09/15 12:06:36 [notice] 1#1: exit
2026/09/16 01:02:23 [notice] 1#1: using the "epoll" event method
2026/09/16 01:02:23 [notice] 1#1: nginx/1.25.2
2026/09/16 01:02:23 [notice] 1#1: built by gcc 12.2.1 20220924 (Alpine 12.2.1_git20220924-r10) 
2026/09/16 01:02:23 [notice] 1#1: OS: Linux 5.10.16.3-microsoft-standard-WSL2
2026/09/16 01:02:23 [notice] 1#1: getrlimit(RLIMIT_NOFILE): 1048576:1048576
2026/09/16 01:02:23 [notice] 1#1: start worker processes
2026/09/16 01:02:23 [notice] 1#1: start worker process 20
2026/09/16 01:02:23 [notice] 1#1: start worker process 21
2026/09/16 01:02:23 [notice] 1#1: start worker process 22
2026/09/16 01:02:23 [notice] 1#1: start worker process 23
2026/09/16 01:02:23 [notice] 1#1: start worker process 24
2026/09/16 01:02:23 [notice] 1#1: start worker process 25
2026/09/16 01:02:23 [notice] 1#1: start worker process 26
2026/09/16 01:02:23 [notice] 1#1: start worker process 27
2026/09/16 01:02:23 [notice] 1#1: start worker process 28
2026/09/16 01:02:23 [notice] 1#1: start worker process 29
2026/09/16 01:02:23 [notice] 1#1: start worker process 30
2026/09/16 01:02:23 [notice] 1#1: start worker process 31
2026/09/16 01:02:23 [notice] 1#1: start worker process 32
2026/09/16 01:02:23 [notice] 1#1: start worker process 33
2026/09/16 01:02:23 [notice] 1#1: start worker process 34
2026/09/16 01:02:23 [notice] 1#1: start worker process 35
2026/09/16 03:37:09 [notice] 1#1: signal 3 (SIGQUIT) received, shutting down
2026/09/16 03:37:09 [notice] 20#20: gracefully shutting down
2026/09/16 03:37:09 [notice] 21#21: gracefully shutting down
2026/09/16 03:37:09 [notice] 27#27: gracefully shutting down
2026/09/16 03:37:09 [notice] 22#22: gracefully shutting down
2026/09/16 03:37:09 [notice] 25#25: gracefully shutting down
2026/09/16 03:37:09 [notice] 25#25: exiting
2026/09/16 03:37:09 [notice] 28#28: gracefully shutting down
2026/09/16 03:37:09 [notice] 30#30: gracefully shutting down
2026/09/16 03:37:09 [notice] 32#32: gracefully shutting down
2026/09/16 03:37:09 [notice] 31#31: gracefully shutting down
2026/09/16 03:37:09 [notice] 26#26: gracefully shutting down
2026/09/16 03:37:09 [notice] 32#32: exiting
2026/09/16 03:37:09 [notice] 29#29: gracefully shutting down
2026/09/16 03:37:09 [notice] 31#31: exiting
2026/09/16 03:37:09 [notice] 35#35: gracefully shutting down
2026/09/16 03:37:09 [notice] 24#24: gracefully shutting down
2026/09/16 03:37:09 [notice] 23#23: gracefully shutting down
2026/09/16 03:37:09 [notice] 22#22: exiting
2026/09/16 03:37:09 [notice] 33#33: gracefully shutting down
2026/09/16 03:37:09 [notice] 22#22: exit
2026/09/16 03:37:09 [notice] 34#34: gracefully shutting down
2026/09/16 03:37:09 [notice] 27#27: exiting
2026/09/16 03:37:09 [notice] 33#33: exiting
2026/09/16 03:37:09 [notice] 21#21: exiting
2026/09/16 03:37:09 [notice] 30#30: exiting
2026/09/16 03:37:09 [notice] 26#26: exiting
2026/09/16 03:37:09 [notice] 29#29: exiting
2026/09/16 03:37:09 [notice] 30#30: exit
2026/09/16 03:37:09 [notice] 28#28: exiting
2026/09/16 03:37:09 [notice] 31#31: exit
2026/09/16 03:37:09 [notice] 25#25: exit
2026/09/16 03:37:09 [notice] 32#32: exit
2026/09/16 03:37:09 [notice] 35#35: exiting
2026/09/16 03:37:09 [notice] 35#35: exit
2026/09/16 03:37:09 [notice] 23#23: exiting
2026/09/16 03:37:09 [notice] 24#24: exiting
2026/09/16 03:37:09 [notice] 23#23: exit
2026/09/16 03:37:09 [notice] 34#34: exiting
2026/09/16 03:37:09 [notice] 27#27: exit
2026/09/16 03:37:09 [notice] 33#33: exit
2026/09/16 03:37:09 [notice] 21#21: exit
2026/09/16 03:37:09 [notice] 20#20: exiting
2026/09/16 03:37:09 [notice] 29#29: exit
2026/09/16 03:37:09 [notice] 26#26: exit
2026/09/16 03:37:09 [notice] 28#28: exit
2026/09/16 03:37:09 [notice] 24#24: exit
2026/09/16 03:37:09 [notice] 34#34: exit
2026/09/16 03:37:09 [notice] 20#20: exit
2026/09/16 03:37:10 [notice] 1#1: signal 17 (SIGCHLD) received from 28
2026/09/16 03:37:10 [notice] 1#1: worker process 20 exited with code 0
2026/09/16 03:37:10 [notice] 1#1: worker process 21 exited with code 0
2026/09/16 03:37:10 [notice] 1#1: worker process 22 exited with code 0
2026/09/16 03:37:10 [notice] 1#1: worker process 23 exited with code 0
2026/09/16 03:37:10 [notice] 1#1: worker process 24 exited with code 0
2026/09/16 03:37:10 [notice] 1#1: worker process 25 exited with code 0
2026/09/16 03:37:10 [notice] 1#1: worker process 26 exited with code 0
2026/09/16 03:37:10 [notice] 1#1: worker process 27 exited with code 0
2026/09/16 03:37:10 [notice] 1#1: worker process 28 exited with code 0
2026/09/16 03:37:10 [notice] 1#1: worker process 29 exited with code 0
2026/09/16 03:37:10 [notice] 1#1: worker process 30 exited with code 0
2026/09/16 03:37:10 [notice] 1#1: worker process 31 exited with code 0
2026/09/16 03:37:10 [notice] 1#1: worker process 32 exited with code 0
2026/09/16 03:37:10 [notice] 1#1: worker process 33 exited with code 0
2026/09/16 03:37:10 [notice] 1#1: worker process 34 exited with code 0
2026/09/16 03:37:10 [notice] 1#1: worker process 35 exited with code 0
2026/09/16 03:37:10 [notice] 1#1: exit
2026/09/16 10:43:33 [notice] 1#1: using the "epoll" event method
2026/09/16 10:43:33 [notice] 1#1: nginx/1.25.2
2026/09/16 10:43:33 [notice] 1#1: built by gcc 12.2.1 20220924 (Alpine 12.2.1_git20220924-r10) 
2026/09/16 10:43:33 [notice] 1#1: OS: Linux 5.10.16.3-microsoft-standard-WSL2
2026/09/16 10:43:33 [notice] 1#1: getrlimit(RLIMIT_NOFILE): 1048576:1048576
2026/09/16 10:43:33 [notice] 1#1: start worker processes
2026/09/16 10:43:33 [notice] 1#1: start worker process 20
2026/09/16 10:43:33 [notice] 1#1: start worker process 21
2026/09/16 10:43:33 [notice] 1#1: start worker process 22
2026/09/16 10:43:33 [notice] 1#1: start worker process 23
2026/09/16 10:43:33 [notice] 1#1: start worker process 24
2026/09/16 10:43:33 [notice] 1#1: start worker process 25
2026/09/16 10:43:33 [notice] 1#1: start worker process 26
2026/09/16 10:43:33 [notice] 1#1: start worker process 27
2026/09/16 10:43:33 [notice] 1#1: start worker process 28
2026/09/16 10:43:33 [notice] 1#1: start worker process 29
2026/09/16 10:43:33 [notice] 1#1: start worker process 30
2026/09/16 10:43:33 [notice] 1#1: start worker process 31
2026/09/16 10:43:33 [notice] 1#1: start worker process 32
2026/09/16 10:43:33 [notice] 1#1: start worker process 33
2026/09/16 10:43:33 [notice] 1#1: start worker process 34
2026/09/16 10:43:33 [notice] 1#1: start worker process 35
2026/09/16 16:14:08 [notice] 1#1: signal 3 (SIGQUIT) received, shutting down
2026/09/16 16:14:08 [notice] 29#29: gracefully shutting down
2026/09/16 16:14:08 [notice] 32#32: gracefully shutting down
2026/09/16 16:14:08 [notice] 28#28: gracefully shutting down
2026/09/16 16:14:08 [notice] 26#26: gracefully shutting down
2026/09/16 16:14:08 [notice] 23#23: gracefully shutting down
2026/09/16 16:14:08 [notice] 33#33: gracefully shutting down
2026/09/16 16:14:08 [notice] 20#20: gracefully shutting down
2026/09/16 16:14:08 [notice] 22#22: gracefully shutting down
2026/09/16 16:14:08 [notice] 26#26: exiting
2026/09/16 16:14:08 [notice] 28#28: exiting
2026/09/16 16:14:08 [notice] 20#20: exiting
2026/09/16 16:14:08 [notice] 34#34: gracefully shutting down
2026/09/16 16:14:08 [notice] 27#27: gracefully shutting down
2026/09/16 16:14:08 [notice] 31#31: gracefully shutting down
2026/09/16 16:14:08 [notice] 24#24: gracefully shutting down
2026/09/16 16:14:08 [notice] 32#32: exiting
2026/09/16 16:14:08 [notice] 30#30: gracefully shutting down
2026/09/16 16:14:08 [notice] 32#32: exit
2026/09/16 16:14:08 [notice] 21#21: gracefully shutting down
2026/09/16 16:14:08 [notice] 35#35: gracefully shutting down
2026/09/16 16:14:08 [notice] 35#35: exiting
2026/09/16 16:14:08 [notice] 29#29: exiting
2026/09/16 16:14:08 [notice] 29#29: exit
2026/09/16 16:14:08 [notice] 33#33: exiting
2026/09/16 16:14:08 [notice] 23#23: exiting
2026/09/16 16:14:08 [notice] 28#28: exit
2026/09/16 16:14:08 [notice] 20#20: exit
2026/09/16 16:14:08 [notice] 26#26: exit
2026/09/16 16:14:08 [notice] 34#34: exiting
2026/09/16 16:14:08 [notice] 34#34: exit
2026/09/16 16:14:08 [notice] 27#27: exiting
2026/09/16 16:14:08 [notice] 25#25: gracefully shutting down
2026/09/16 16:14:08 [notice] 31#31: exiting
2026/09/16 16:14:08 [notice] 30#30: exiting
2026/09/16 16:14:08 [notice] 22#22: exiting
2026/09/16 16:14:08 [notice] 21#21: exiting
2026/09/16 16:14:08 [notice] 30#30: exit
2026/09/16 16:14:08 [notice] 24#24: exiting
2026/09/16 16:14:08 [notice] 35#35: exit
2026/09/16 16:14:08 [notice] 21#21: exit
2026/09/16 16:14:08 [notice] 33#33: exit
2026/09/16 16:14:08 [notice] 23#23: exit
2026/09/16 16:14:08 [notice] 27#27: exit
2026/09/16 16:14:08 [notice] 31#31: exit
2026/09/16 16:14:08 [notice] 25#25: exiting
2026/09/16 16:14:08 [notice] 22#22: exit
2026/09/16 16:14:08 [notice] 24#24: exit
2026/09/16 16:14:08 [notice] 25#25: exit
2026/09/16 16:14:09 [notice] 1#1: signal 17 (SIGCHLD) received from 27
2026/09/16 16:14:09 [notice] 1#1: worker process 20 exited with code 0
2026/09/16 16:14:09 [notice] 1#1: worker process 21 exited with code 0
2026/09/16 16:14:09 [notice] 1#1: worker process 22 exited with code 0
2026/09/16 16:14:09 [notice] 1#1: worker process 23 exited with code 0
2026/09/16 16:14:09 [notice] 1#1: worker process 26 exited with code 0
2026/09/16 16:14:09 [notice] 1#1: worker process 27 exited with code 0
2026/09/16 16:14:09 [notice] 1#1: worker process 28 exited with code 0
2026/09/16 16:14:09 [notice] 1#1: worker process 29 exited with code 0
2026/09/16 16:14:09 [notice] 1#1: worker process 30 exited with code 0
2026/09/16 16:14:09 [notice] 1#1: worker process 34 exited with code 0
2026/09/16 16:14:09 [notice] 1#1: signal 29 (SIGIO) received
2026/09/16 16:14:09 [notice] 1#1: signal 17 (SIGCHLD) received from 28
2026/09/16 16:14:09 [notice] 1#1: signal 17 (SIGCHLD) received from 35
2026/09/16 16:14:09 [notice] 1#1: worker process 25 exited with code 0
2026/09/16 16:14:09 [notice] 1#1: worker process 31 exited with code 0
2026/09/16 16:14:09 [notice] 1#1: worker process 35 exited with code 0
2026/09/16 16:14:09 [notice] 1#1: signal 29 (SIGIO) received
2026/09/16 16:14:09 [notice] 1#1: signal 17 (SIGCHLD) received from 25
2026/09/16 16:14:09 [notice] 1#1: signal 17 (SIGCHLD) received from 32
2026/09/16 16:14:09 [notice] 1#1: worker process 24 exited with code 0
2026/09/16 16:14:09 [notice] 1#1: worker process 32 exited with code 0
2026/09/16 16:14:09 [notice] 1#1: worker process 33 exited with code 0
2026/09/16 16:14:09 [notice] 1#1: exit
2026/09/17 02:46:54 [notice] 1#1: using the "epoll" event method
2026/09/17 02:46:54 [notice] 1#1: nginx/1.25.2
2026/09/17 02:46:54 [notice] 1#1: built by gcc 12.2.1 20220924 (Alpine 12.2.1_git20220924-r10) 
2026/09/17 02:46:54 [notice] 1#1: OS: Linux 5.10.16.3-microsoft-standard-WSL2
2026/09/17 02:46:54 [notice] 1#1: getrlimit(RLIMIT_NOFILE): 1048576:1048576
2026/09/17 02:46:54 [notice] 1#1: start worker processes
2026/09/17 02:46:54 [notice] 1#1: start worker process 20
2026/09/17 02:46:54 [notice] 1#1: start worker process 21
2026/09/17 02:46:54 [notice] 1#1: start worker process 22
2026/09/17 02:46:54 [notice] 1#1: start worker process 23
2026/09/17 02:46:54 [notice] 1#1: start worker process 24
2026/09/17 02:46:54 [notice] 1#1: start worker process 25
2026/09/17 02:46:54 [notice] 1#1: start worker process 26
2026/09/17 02:46:54 [notice] 1#1: start worker process 27
2026/09/17 02:46:54 [notice] 1#1: start worker process 28
2026/09/17 02:46:54 [notice] 1#1: start worker process 29
2026/09/17 02:46:54 [notice] 1#1: start worker process 30
2026/09/17 02:46:54 [notice] 1#1: start worker process 31
2026/09/17 02:46:54 [notice] 1#1: start worker process 32
2026/09/17 02:46:54 [notice] 1#1: start worker process 33
2026/09/17 02:46:54 [notice] 1#1: start worker process 34
2026/09/17 02:46:54 [notice] 1#1: start worker process 35
2026/09/17 03:16:42 [error] 33#33: *42 upstream timed out (110: Operation timed out) while reading response header from upstream, client: 172.19.0.1, server: , request: "POST /ru/admin/sitemap HTTP/1.1", upstream: "fastcgi://172.19.0.4:9000", host: "localhost:8000", referrer: "http://localhost:8000/ru/admin/sitemap"
2026/09/17 07:10:54 [notice] 1#1: signal 3 (SIGQUIT) received, shutting down
2026/09/17 07:10:54 [notice] 20#20: gracefully shutting down
2026/09/17 07:10:54 [notice] 25#25: gracefully shutting down
2026/09/17 07:10:54 [notice] 22#22: gracefully shutting down
2026/09/17 07:10:54 [notice] 31#31: gracefully shutting down
2026/09/17 07:10:54 [notice] 32#32: gracefully shutting down
2026/09/17 07:10:54 [notice] 21#21: gracefully shutting down
2026/09/17 07:10:54 [notice] 23#23: gracefully shutting down
2026/09/17 07:10:54 [notice] 34#34: gracefully shutting down
2026/09/17 07:10:54 [notice] 30#30: gracefully shutting down
2026/09/17 07:10:54 [notice] 33#33: gracefully shutting down
2026/09/17 07:10:54 [notice] 20#20: exiting
2026/09/17 07:10:54 [notice] 28#28: gracefully shutting down
2026/09/17 07:10:54 [notice] 31#31: exiting
2026/09/17 07:10:54 [notice] 22#22: exiting
2026/09/17 07:10:54 [notice] 28#28: exiting
2026/09/17 07:10:54 [notice] 27#27: gracefully shutting down
2026/09/17 07:10:54 [notice] 32#32: exiting
2026/09/17 07:10:54 [notice] 24#24: gracefully shutting down
2026/09/17 07:10:54 [notice] 26#26: gracefully shutting down
2026/09/17 07:10:54 [notice] 25#25: exiting
2026/09/17 07:10:54 [notice] 27#27: exiting
2026/09/17 07:10:54 [notice] 35#35: gracefully shutting down
2026/09/17 07:10:54 [notice] 29#29: gracefully shutting down
2026/09/17 07:10:54 [notice] 23#23: exiting
2026/09/17 07:10:54 [notice] 21#21: exiting
2026/09/17 07:10:54 [notice] 34#34: exiting
2026/09/17 07:10:54 [notice] 23#23: exit
2026/09/17 07:10:54 [notice] 33#33: exiting
2026/09/17 07:10:54 [notice] 30#30: exiting
2026/09/17 07:10:54 [notice] 20#20: exit
2026/09/17 07:10:54 [notice] 31#31: exit
2026/09/17 07:10:54 [notice] 30#30: exit
2026/09/17 07:10:54 [notice] 22#22: exit
2026/09/17 07:10:54 [notice] 28#28: exit
2026/09/17 07:10:54 [notice] 32#32: exit
2026/09/17 07:10:54 [notice] 24#24: exiting
2026/09/17 07:10:54 [notice] 26#26: exiting
2026/09/17 07:10:54 [notice] 27#27: exit
2026/09/17 07:10:54 [notice] 25#25: exit
2026/09/17 07:10:54 [notice] 35#35: exiting
2026/09/17 07:10:54 [notice] 29#29: exiting
2026/09/17 07:10:54 [notice] 21#21: exit
2026/09/17 07:10:54 [notice] 34#34: exit
2026/09/17 07:10:54 [notice] 33#33: exit
2026/09/17 07:10:54 [notice] 35#35: exit
2026/09/17 07:10:54 [notice] 26#26: exit
2026/09/17 07:10:54 [notice] 24#24: exit
2026/09/17 07:10:54 [notice] 29#29: exit
2026/09/17 07:10:54 [notice] 1#1: signal 17 (SIGCHLD) received from 23
2026/09/17 07:10:54 [notice] 1#1: worker process 23 exited with code 0
2026/09/17 07:10:54 [notice] 1#1: worker process 28 exited with code 0
2026/09/17 07:10:54 [notice] 1#1: worker process 30 exited with code 0
2026/09/17 07:10:54 [notice] 1#1: worker process 31 exited with code 0
2026/09/17 07:10:54 [notice] 1#1: signal 29 (SIGIO) received
2026/09/17 07:10:54 [notice] 1#1: signal 17 (SIGCHLD) received from 26
2026/09/17 07:10:54 [notice] 1#1: worker process 21 exited with code 0
2026/09/17 07:10:54 [notice] 1#1: worker process 20 exited with code 0
2026/09/17 07:10:54 [notice] 1#1: worker process 22 exited with code 0
2026/09/17 07:10:54 [notice] 1#1: worker process 24 exited with code 0
2026/09/17 07:10:54 [notice] 1#1: worker process 25 exited with code 0
2026/09/17 07:10:54 [notice] 1#1: worker process 26 exited with code 0
2026/09/17 07:10:54 [notice] 1#1: worker process 27 exited with code 0
2026/09/17 07:10:54 [notice] 1#1: worker process 29 exited with code 0
2026/09/17 07:10:54 [notice] 1#1: worker process 32 exited with code 0
2026/09/17 07:10:54 [notice] 1#1: worker process 33 exited with code 0
2026/09/17 07:10:54 [notice] 1#1: worker process 34 exited with code 0
2026/09/17 07:10:54 [notice] 1#1: worker process 35 exited with code 0
2026/09/17 07:10:54 [notice] 1#1: exit
2026/09/17 09:50:26 [notice] 1#1: using the "epoll" event method
2026/09/17 09:50:26 [notice] 1#1: nginx/1.25.2
2026/09/17 09:50:26 [notice] 1#1: built by gcc 12.2.1 20220924 (Alpine 12.2.1_git20220924-r10) 
2026/09/17 09:50:26 [notice] 1#1: OS: Linux 5.10.16.3-microsoft-standard-WSL2
2026/09/17 09:50:26 [notice] 1#1: getrlimit(RLIMIT_NOFILE): 1048576:1048576
2026/09/17 09:50:26 [notice] 1#1: start worker processes
2026/09/17 09:50:26 [notice] 1#1: start worker process 20
2026/09/17 09:50:26 [notice] 1#1: start worker process 21
2026/09/17 09:50:26 [notice] 1#1: start worker process 22
2026/09/17 09:50:26 [notice] 1#1: start worker process 23
2026/09/17 09:50:26 [notice] 1#1: start worker process 24
2026/09/17 09:50:26 [notice] 1#1: start worker process 25
2026/09/17 09:50:26 [notice] 1#1: start worker process 26
2026/09/17 09:50:26 [notice] 1#1: start worker process 27
2026/09/17 09:50:26 [notice] 1#1: start worker process 28
2026/09/17 09:50:26 [notice] 1#1: start worker process 29
2026/09/17 09:50:26 [notice] 1#1: start worker process 30
2026/09/17 09:50:26 [notice] 1#1: start worker process 31
2026/09/17 09:50:26 [notice] 1#1: start worker process 32
2026/09/17 09:50:26 [notice] 1#1: start worker process 33
2026/09/17 09:50:26 [notice] 1#1: start worker process 34
2026/09/17 09:50:26 [notice] 1#1: start worker process 35
2026/09/17 11:50:33 [notice] 1#1: signal 3 (SIGQUIT) received, shutting down
2026/09/17 11:50:33 [notice] 24#24: gracefully shutting down
2026/09/17 11:50:33 [notice] 28#28: gracefully shutting down
2026/09/17 11:50:33 [notice] 26#26: gracefully shutting down
2026/09/17 11:50:33 [notice] 22#22: gracefully shutting down
2026/09/17 11:50:33 [notice] 20#20: gracefully shutting down
2026/09/17 11:50:33 [notice] 25#25: gracefully shutting down
2026/09/17 11:50:33 [notice] 29#29: gracefully shutting down
2026/09/17 11:50:33 [notice] 30#30: gracefully shutting down
2026/09/17 11:50:33 [notice] 27#27: gracefully shutting down
2026/09/17 11:50:33 [notice] 33#33: gracefully shutting down
2026/09/17 11:50:33 [notice] 21#21: gracefully shutting down
2026/09/17 11:50:33 [notice] 30#30: exiting
2026/09/17 11:50:33 [notice] 31#31: gracefully shutting down
2026/09/17 11:50:33 [notice] 24#24: exiting
2026/09/17 11:50:33 [notice] 32#32: gracefully shutting down
2026/09/17 11:50:33 [notice] 35#35: gracefully shutting down
2026/09/17 11:50:33 [notice] 34#34: gracefully shutting down
2026/09/17 11:50:33 [notice] 23#23: gracefully shutting down
2026/09/17 11:50:33 [notice] 26#26: exiting
2026/09/17 11:50:33 [notice] 25#25: exiting
2026/09/17 11:50:33 [notice] 22#22: exiting
2026/09/17 11:50:33 [notice] 29#29: exiting
2026/09/17 11:50:33 [notice] 27#27: exiting
2026/09/17 11:50:33 [notice] 28#28: exiting
2026/09/17 11:50:33 [notice] 33#33: exiting
2026/09/17 11:50:33 [notice] 20#20: exiting
2026/09/17 11:50:33 [notice] 21#21: exiting
2026/09/17 11:50:33 [notice] 24#24: exit
2026/09/17 11:50:33 [notice] 30#30: exit
2026/09/17 11:50:33 [notice] 31#31: exiting
2026/09/17 11:50:33 [notice] 35#35: exiting
2026/09/17 11:50:33 [notice] 32#32: exiting
2026/09/17 11:50:33 [notice] 23#23: exiting
2026/09/17 11:50:33 [notice] 26#26: exit
2026/09/17 11:50:33 [notice] 34#34: exiting
2026/09/17 11:50:33 [notice] 25#25: exit
2026/09/17 11:50:33 [notice] 34#34: exit
2026/09/17 11:50:33 [notice] 22#22: exit
2026/09/17 11:50:33 [notice] 29#29: exit
2026/09/17 11:50:33 [notice] 27#27: exit
2026/09/17 11:50:33 [notice] 28#28: exit
2026/09/17 11:50:33 [notice] 33#33: exit
2026/09/17 11:50:33 [notice] 20#20: exit
2026/09/17 11:50:33 [notice] 21#21: exit
2026/09/17 11:50:33 [notice] 31#31: exit
2026/09/17 11:50:33 [notice] 35#35: exit
2026/09/17 11:50:33 [notice] 23#23: exit
2026/09/17 11:50:33 [notice] 32#32: exit
2026/09/17 11:50:33 [notice] 1#1: signal 17 (SIGCHLD) received from 23
2026/09/17 11:50:33 [notice] 1#1: worker process 23 exited with code 0
2026/09/17 11:50:33 [notice] 1#1: worker process 24 exited with code 0
2026/09/17 11:50:33 [notice] 1#1: worker process 26 exited with code 0
2026/09/17 11:50:33 [notice] 1#1: worker process 33 exited with code 0
2026/09/17 11:50:33 [notice] 1#1: signal 29 (SIGIO) received
2026/09/17 11:50:33 [notice] 1#1: signal 17 (SIGCHLD) received from 26
2026/09/17 11:50:33 [notice] 1#1: signal 17 (SIGCHLD) received from 28
2026/09/17 11:50:33 [notice] 1#1: worker process 22 exited with code 0
2026/09/17 11:50:33 [notice] 1#1: worker process 25 exited with code 0
2026/09/17 11:50:33 [notice] 1#1: worker process 28 exited with code 0
2026/09/17 11:50:33 [notice] 1#1: worker process 29 exited with code 0
2026/09/17 11:50:33 [notice] 1#1: worker process 30 exited with code 0
2026/09/17 11:50:33 [notice] 1#1: worker process 31 exited with code 0
2026/09/17 11:50:33 [notice] 1#1: worker process 32 exited with code 0
2026/09/17 11:50:33 [notice] 1#1: worker process 35 exited with code 0
2026/09/17 11:50:33 [notice] 1#1: signal 29 (SIGIO) received
2026/09/17 11:50:33 [notice] 1#1: signal 17 (SIGCHLD) received from 25
2026/09/17 11:50:33 [notice] 1#1: signal 17 (SIGCHLD) received from 34
2026/09/17 11:50:33 [notice] 1#1: worker process 34 exited with code 0
2026/09/17 11:50:33 [notice] 1#1: signal 29 (SIGIO) received
2026/09/17 11:50:33 [notice] 1#1: signal 17 (SIGCHLD) received from 27
2026/09/17 11:50:33 [notice] 1#1: worker process 20 exited with code 0
2026/09/17 11:50:33 [notice] 1#1: worker process 21 exited with code 0
2026/09/17 11:50:33 [notice] 1#1: worker process 27 exited with code 0
2026/09/17 11:50:33 [notice] 1#1: exit
2026/09/17 13:14:25 [notice] 1#1: using the "epoll" event method
2026/09/17 13:14:25 [notice] 1#1: nginx/1.25.2
2026/09/17 13:14:25 [notice] 1#1: built by gcc 12.2.1 20220924 (Alpine 12.2.1_git20220924-r10) 
2026/09/17 13:14:25 [notice] 1#1: OS: Linux 5.10.16.3-microsoft-standard-WSL2
2026/09/17 13:14:25 [notice] 1#1: getrlimit(RLIMIT_NOFILE): 1048576:1048576
2026/09/17 13:14:25 [notice] 1#1: start worker processes
2026/09/17 13:14:25 [notice] 1#1: start worker process 21
2026/09/17 13:14:25 [notice] 1#1: start worker process 22
2026/09/17 13:14:25 [notice] 1#1: start worker process 23
2026/09/17 13:14:25 [notice] 1#1: start worker process 24
2026/09/17 13:14:25 [notice] 1#1: start worker process 25
2026/09/17 13:14:25 [notice] 1#1: start worker process 26
2026/09/17 13:14:25 [notice] 1#1: start worker process 27
2026/09/17 13:14:25 [notice] 1#1: start worker process 28
2026/09/17 13:14:25 [notice] 1#1: start worker process 29
2026/09/17 13:14:25 [notice] 1#1: start worker process 30
2026/09/17 13:14:25 [notice] 1#1: start worker process 31
2026/09/17 13:14:25 [notice] 1#1: start worker process 32
2026/09/17 13:14:25 [notice] 1#1: start worker process 33
2026/09/17 13:14:25 [notice] 1#1: start worker process 34
2026/09/17 13:14:25 [notice] 1#1: start worker process 35
2026/09/17 13:14:25 [notice] 1#1: start worker process 36
2026/09/17 15:17:27 [notice] 1#1: signal 3 (SIGQUIT) received, shutting down
2026/09/17 15:17:27 [notice] 21#21: gracefully shutting down
2026/09/17 15:17:27 [notice] 22#22: gracefully shutting down
2026/09/17 15:17:27 [notice] 23#23: gracefully shutting down
2026/09/17 15:17:27 [notice] 35#35: gracefully shutting down
2026/09/17 15:17:27 [notice] 24#24: gracefully shutting down
2026/09/17 15:17:27 [notice] 30#30: gracefully shutting down
2026/09/17 15:17:27 [notice] 34#34: gracefully shutting down
2026/09/17 15:17:27 [notice] 21#21: exiting
2026/09/17 15:17:27 [notice] 27#27: gracefully shutting down
2026/09/17 15:17:27 [notice] 36#36: gracefully shutting down
2026/09/17 15:17:27 [notice] 26#26: gracefully shutting down
2026/09/17 15:17:27 [notice] 21#21: exit
2026/09/17 15:17:27 [notice] 33#33: gracefully shutting down
2026/09/17 15:17:27 [notice] 31#31: gracefully shutting down
2026/09/17 15:17:27 [notice] 32#32: gracefully shutting down
2026/09/17 15:17:27 [notice] 28#28: gracefully shutting down
2026/09/17 15:17:27 [notice] 29#29: gracefully shutting down
2026/09/17 15:17:27 [notice] 25#25: gracefully shutting down
2026/09/17 15:17:27 [notice] 22#22: exiting
2026/09/17 15:17:27 [notice] 35#35: exiting
2026/09/17 15:17:27 [notice] 30#30: exiting
2026/09/17 15:17:27 [notice] 34#34: exiting
2026/09/17 15:17:27 [notice] 23#23: exiting
2026/09/17 15:17:27 [notice] 28#28: exiting
2026/09/17 15:17:27 [notice] 27#27: exiting
2026/09/17 15:17:27 [notice] 26#26: exiting
2026/09/17 15:17:27 [notice] 33#33: exiting
2026/09/17 15:17:27 [notice] 36#36: exiting
2026/09/17 15:17:27 [notice] 32#32: exiting
2026/09/17 15:17:27 [notice] 31#31: exiting
2026/09/17 15:17:27 [notice] 22#22: exit
2026/09/17 15:17:27 [notice] 35#35: exit
2026/09/17 15:17:27 [notice] 31#31: exit
2026/09/17 15:17:27 [notice] 30#30: exit
2026/09/17 15:17:27 [notice] 25#25: exiting
2026/09/17 15:17:27 [notice] 34#34: exit
2026/09/17 15:17:27 [notice] 23#23: exit
2026/09/17 15:17:27 [notice] 24#24: exiting
2026/09/17 15:17:27 [notice] 29#29: exiting
2026/09/17 15:17:27 [notice] 33#33: exit
2026/09/17 15:17:27 [notice] 36#36: exit
2026/09/17 15:17:27 [notice] 28#28: exit
2026/09/17 15:17:27 [notice] 32#32: exit
2026/09/17 15:17:27 [notice] 26#26: exit
2026/09/17 15:17:27 [notice] 27#27: exit
2026/09/17 15:17:27 [notice] 25#25: exit
2026/09/17 15:17:27 [notice] 24#24: exit
2026/09/17 15:17:27 [notice] 29#29: exit
2026/09/17 15:17:27 [notice] 1#1: signal 17 (SIGCHLD) received from 25
2026/09/17 15:17:27 [notice] 1#1: worker process 24 exited with code 0
2026/09/17 15:17:27 [notice] 1#1: worker process 25 exited with code 0
2026/09/17 15:17:27 [notice] 1#1: worker process 26 exited with code 0
2026/09/17 15:17:27 [notice] 1#1: worker process 29 exited with code 0
2026/09/17 15:17:27 [notice] 1#1: worker process 32 exited with code 0
2026/09/17 15:17:27 [notice] 1#1: worker process 35 exited with code 0
2026/09/17 15:17:27 [notice] 1#1: signal 29 (SIGIO) received
2026/09/17 15:17:27 [notice] 1#1: signal 17 (SIGCHLD) received from 24
2026/09/17 15:17:27 [notice] 1#1: signal 17 (SIGCHLD) received from 30
2026/09/17 15:17:27 [notice] 1#1: worker process 21 exited with code 0
2026/09/17 15:17:27 [notice] 1#1: worker process 23 exited with code 0
2026/09/17 15:17:27 [notice] 1#1: worker process 28 exited with code 0
2026/09/17 15:17:27 [notice] 1#1: worker process 30 exited with code 0
2026/09/17 15:17:27 [notice] 1#1: worker process 31 exited with code 0
2026/09/17 15:17:27 [notice] 1#1: worker process 34 exited with code 0
2026/09/17 15:17:27 [notice] 1#1: worker process 36 exited with code 0
2026/09/17 15:17:27 [notice] 1#1: signal 29 (SIGIO) received
2026/09/17 15:17:27 [notice] 1#1: signal 17 (SIGCHLD) received from 28
2026/09/17 15:17:27 [notice] 1#1: signal 17 (SIGCHLD) received from 33
2026/09/17 15:17:27 [notice] 1#1: worker process 33 exited with code 0
2026/09/17 15:17:27 [notice] 1#1: signal 29 (SIGIO) received
2026/09/17 15:17:27 [notice] 1#1: signal 17 (SIGCHLD) received from 27
2026/09/17 15:17:27 [notice] 1#1: worker process 27 exited with code 0
2026/09/17 15:17:27 [notice] 1#1: signal 29 (SIGIO) received
2026/09/17 15:17:28 [notice] 1#1: signal 17 (SIGCHLD) received from 22
2026/09/17 15:17:28 [notice] 1#1: worker process 22 exited with code 0
2026/09/17 15:17:28 [notice] 1#1: exit
2026/09/18 00:51:57 [notice] 1#1: using the "epoll" event method
2026/09/18 00:51:57 [notice] 1#1: nginx/1.25.2
2026/09/18 00:51:57 [notice] 1#1: built by gcc 12.2.1 20220924 (Alpine 12.2.1_git20220924-r10) 
2026/09/18 00:51:57 [notice] 1#1: OS: Linux 5.10.16.3-microsoft-standard-WSL2
2026/09/18 00:51:57 [notice] 1#1: getrlimit(RLIMIT_NOFILE): 1048576:1048576
2026/09/18 00:51:57 [notice] 1#1: start worker processes
2026/09/18 00:51:57 [notice] 1#1: start worker process 20
2026/09/18 00:51:57 [notice] 1#1: start worker process 21
2026/09/18 00:51:57 [notice] 1#1: start worker process 22
2026/09/18 00:51:57 [notice] 1#1: start worker process 23
2026/09/18 00:51:57 [notice] 1#1: start worker process 24
2026/09/18 00:51:57 [notice] 1#1: start worker process 25
2026/09/18 00:51:57 [notice] 1#1: start worker process 26
2026/09/18 00:51:57 [notice] 1#1: start worker process 27
2026/09/18 00:51:57 [notice] 1#1: start worker process 28
2026/09/18 00:51:57 [notice] 1#1: start worker process 29
2026/09/18 00:51:57 [notice] 1#1: start worker process 30
2026/09/18 00:51:57 [notice] 1#1: start worker process 31
2026/09/18 00:51:57 [notice] 1#1: start worker process 32
2026/09/18 00:51:57 [notice] 1#1: start worker process 33
2026/09/18 00:51:57 [notice] 1#1: start worker process 34
2026/09/18 00:51:57 [notice] 1#1: start worker process 35
2026/09/18 04:53:44 [notice] 1#1: signal 3 (SIGQUIT) received, shutting down
2026/09/18 04:53:44 [notice] 24#24: gracefully shutting down
2026/09/18 04:53:44 [notice] 20#20: gracefully shutting down
2026/09/18 04:53:44 [notice] 21#21: gracefully shutting down
2026/09/18 04:53:44 [notice] 30#30: gracefully shutting down
2026/09/18 04:53:44 [notice] 22#22: gracefully shutting down
2026/09/18 04:53:44 [notice] 34#34: gracefully shutting down
2026/09/18 04:53:44 [notice] 23#23: gracefully shutting down
2026/09/18 04:53:44 [notice] 24#24: exiting
2026/09/18 04:53:44 [notice] 31#31: gracefully shutting down
2026/09/18 04:53:44 [notice] 29#29: gracefully shutting down
2026/09/18 04:53:44 [notice] 32#32: gracefully shutting down
2026/09/18 04:53:44 [notice] 25#25: gracefully shutting down
2026/09/18 04:53:44 [notice] 30#30: exiting
2026/09/18 04:53:44 [notice] 32#32: exiting
2026/09/18 04:53:44 [notice] 20#20: exiting
2026/09/18 04:53:44 [notice] 22#22: exiting
2026/09/18 04:53:44 [notice] 28#28: gracefully shutting down
2026/09/18 04:53:44 [notice] 27#27: gracefully shutting down
2026/09/18 04:53:44 [notice] 33#33: gracefully shutting down
2026/09/18 04:53:44 [notice] 35#35: gracefully shutting down
2026/09/18 04:53:44 [notice] 34#34: exiting
2026/09/18 04:53:44 [notice] 35#35: exiting
2026/09/18 04:53:44 [notice] 26#26: gracefully shutting down
2026/09/18 04:53:44 [notice] 23#23: exiting
2026/09/18 04:53:44 [notice] 35#35: exit
2026/09/18 04:53:44 [notice] 23#23: exit
2026/09/18 04:53:44 [notice] 21#21: exiting
2026/09/18 04:53:44 [notice] 25#25: exiting
2026/09/18 04:53:44 [notice] 31#31: exiting
2026/09/18 04:53:44 [notice] 29#29: exiting
2026/09/18 04:53:44 [notice] 24#24: exit
2026/09/18 04:53:44 [notice] 30#30: exit
2026/09/18 04:53:44 [notice] 32#32: exit
2026/09/18 04:53:44 [notice] 20#20: exit
2026/09/18 04:53:44 [notice] 22#22: exit
2026/09/18 04:53:44 [notice] 33#33: exiting
2026/09/18 04:53:44 [notice] 33#33: exit
2026/09/18 04:53:44 [notice] 27#27: exiting
2026/09/18 04:53:44 [notice] 28#28: exiting
2026/09/18 04:53:44 [notice] 34#34: exit
2026/09/18 04:53:44 [notice] 21#21: exit
2026/09/18 04:53:44 [notice] 25#25: exit
2026/09/18 04:53:44 [notice] 31#31: exit
2026/09/18 04:53:44 [notice] 29#29: exit
2026/09/18 04:53:44 [notice] 26#26: exiting
2026/09/18 04:53:44 [notice] 27#27: exit
2026/09/18 04:53:44 [notice] 28#28: exit
2026/09/18 04:53:44 [notice] 26#26: exit
2026/09/18 04:53:44 [notice] 1#1: signal 17 (SIGCHLD) received from 32
2026/09/18 04:53:44 [notice] 1#1: worker process 23 exited with code 0
2026/09/18 04:53:44 [notice] 1#1: worker process 30 exited with code 0
2026/09/18 04:53:44 [notice] 1#1: worker process 32 exited with code 0
2026/09/18 04:53:44 [notice] 1#1: signal 29 (SIGIO) received
2026/09/18 04:53:44 [notice] 1#1: signal 17 (SIGCHLD) received from 30
2026/09/18 04:53:44 [notice] 1#1: signal 17 (SIGCHLD) received from 25
2026/09/18 04:53:44 [notice] 1#1: worker process 25 exited with code 0
2026/09/18 04:53:44 [notice] 1#1: worker process 29 exited with code 0
2026/09/18 04:53:44 [notice] 1#1: worker process 34 exited with code 0
2026/09/18 04:53:44 [notice] 1#1: worker process 35 exited with code 0
2026/09/18 04:53:44 [notice] 1#1: signal 29 (SIGIO) received
2026/09/18 04:53:44 [notice] 1#1: signal 17 (SIGCHLD) received from 29
2026/09/18 04:53:44 [notice] 1#1: signal 17 (SIGCHLD) received from 31
2026/09/18 04:53:44 [notice] 1#1: worker process 20 exited with code 0
2026/09/18 04:53:44 [notice] 1#1: worker process 21 exited with code 0
2026/09/18 04:53:44 [notice] 1#1: worker process 22 exited with code 0
2026/09/18 04:53:44 [notice] 1#1: worker process 24 exited with code 0
2026/09/18 04:53:44 [notice] 1#1: worker process 26 exited with code 0
2026/09/18 04:53:44 [notice] 1#1: worker process 28 exited with code 0
2026/09/18 04:53:44 [notice] 1#1: worker process 31 exited with code 0
2026/09/18 04:53:44 [notice] 1#1: signal 29 (SIGIO) received
2026/09/18 04:53:44 [notice] 1#1: signal 17 (SIGCHLD) received from 22
2026/09/18 04:53:44 [notice] 1#1: signal 17 (SIGCHLD) received from 33
2026/09/18 04:53:44 [notice] 1#1: worker process 27 exited with code 0
2026/09/18 04:53:44 [notice] 1#1: worker process 33 exited with code 0
2026/09/18 04:53:44 [notice] 1#1: exit
2026/09/18 06:44:37 [notice] 1#1: using the "epoll" event method
2026/09/18 06:44:37 [notice] 1#1: nginx/1.25.2
2026/09/18 06:44:37 [notice] 1#1: built by gcc 12.2.1 20220924 (Alpine 12.2.1_git20220924-r10) 
2026/09/18 06:44:37 [notice] 1#1: OS: Linux 5.10.16.3-microsoft-standard-WSL2
2026/09/18 06:44:37 [notice] 1#1: getrlimit(RLIMIT_NOFILE): 1048576:1048576
2026/09/18 06:44:37 [notice] 1#1: start worker processes
2026/09/18 06:44:37 [notice] 1#1: start worker process 20
2026/09/18 06:44:37 [notice] 1#1: start worker process 21
2026/09/18 06:44:37 [notice] 1#1: start worker process 22
2026/09/18 06:44:37 [notice] 1#1: start worker process 23
2026/09/18 06:44:37 [notice] 1#1: start worker process 24
2026/09/18 06:44:37 [notice] 1#1: start worker process 25
2026/09/18 06:44:37 [notice] 1#1: start worker process 26
2026/09/18 06:44:37 [notice] 1#1: start worker process 27
2026/09/18 06:44:37 [notice] 1#1: start worker process 28
2026/09/18 06:44:37 [notice] 1#1: start worker process 29
2026/09/18 06:44:37 [notice] 1#1: start worker process 30
2026/09/18 06:44:37 [notice] 1#1: start worker process 31
2026/09/18 06:44:37 [notice] 1#1: start worker process 32
2026/09/18 06:44:37 [notice] 1#1: start worker process 33
2026/09/18 06:44:37 [notice] 1#1: start worker process 34
2026/09/18 06:44:37 [notice] 1#1: start worker process 35
2026/09/18 06:54:35 [notice] 1#1: signal 3 (SIGQUIT) received, shutting down
2026/09/18 06:54:35 [notice] 25#25: gracefully shutting down
2026/09/18 06:54:35 [notice] 21#21: gracefully shutting down
2026/09/18 06:54:35 [notice] 26#26: gracefully shutting down
2026/09/18 06:54:35 [notice] 23#23: gracefully shutting down
2026/09/18 06:54:35 [notice] 30#30: gracefully shutting down
2026/09/18 06:54:35 [notice] 21#21: exiting
2026/09/18 06:54:35 [notice] 25#25: exiting
2026/09/18 06:54:35 [notice] 29#29: gracefully shutting down
2026/09/18 06:54:35 [notice] 28#28: gracefully shutting down
2026/09/18 06:54:35 [notice] 32#32: gracefully shutting down
2026/09/18 06:54:35 [notice] 31#31: gracefully shutting down
2026/09/18 06:54:35 [notice] 20#20: gracefully shutting down
2026/09/18 06:54:35 [notice] 33#33: gracefully shutting down
2026/09/18 06:54:35 [notice] 27#27: gracefully shutting down
2026/09/18 06:54:35 [notice] 24#24: gracefully shutting down
2026/09/18 06:54:35 [notice] 22#22: gracefully shutting down
2026/09/18 06:54:35 [notice] 34#34: gracefully shutting down
2026/09/18 06:54:35 [notice] 35#35: gracefully shutting down
2026/09/18 06:54:35 [notice] 23#23: exiting
2026/09/18 06:54:35 [notice] 26#26: exiting
2026/09/18 06:54:35 [notice] 30#30: exiting
2026/09/18 06:54:35 [notice] 21#21: exit
2026/09/18 06:54:35 [notice] 25#25: exit
2026/09/18 06:54:35 [notice] 32#32: exiting
2026/09/18 06:54:35 [notice] 29#29: exiting
2026/09/18 06:54:35 [notice] 28#28: exiting
2026/09/18 06:54:35 [notice] 20#20: exiting
2026/09/18 06:54:35 [notice] 33#33: exiting
2026/09/18 06:54:35 [notice] 31#31: exiting
2026/09/18 06:54:35 [notice] 27#27: exiting
2026/09/18 06:54:35 [notice] 20#20: exit
2026/09/18 06:54:35 [notice] 22#22: exiting
2026/09/18 06:54:35 [notice] 34#34: exiting
2026/09/18 06:54:35 [notice] 24#24: exiting
2026/09/18 06:54:35 [notice] 26#26: exit
2026/09/18 06:54:35 [notice] 30#30: exit
2026/09/18 06:54:35 [notice] 35#35: exiting
2026/09/18 06:54:35 [notice] 23#23: exit
2026/09/18 06:54:35 [notice] 35#35: exit
2026/09/18 06:54:35 [notice] 32#32: exit
2026/09/18 06:54:35 [notice] 29#29: exit
2026/09/18 06:54:35 [notice] 28#28: exit
2026/09/18 06:54:35 [notice] 33#33: exit
2026/09/18 06:54:35 [notice] 31#31: exit
2026/09/18 06:54:35 [notice] 27#27: exit
2026/09/18 06:54:35 [notice] 34#34: exit
2026/09/18 06:54:35 [notice] 22#22: exit
2026/09/18 06:54:35 [notice] 24#24: exit
2026/09/18 06:54:35 [notice] 1#1: signal 17 (SIGCHLD) received from 20
2026/09/18 06:54:35 [notice] 1#1: worker process 20 exited with code 0
2026/09/18 06:54:35 [notice] 1#1: worker process 21 exited with code 0
2026/09/18 06:54:35 [notice] 1#1: worker process 23 exited with code 0
2026/09/18 06:54:35 [notice] 1#1: worker process 26 exited with code 0
2026/09/18 06:54:35 [notice] 1#1: worker process 29 exited with code 0
2026/09/18 06:54:35 [notice] 1#1: worker process 33 exited with code 0
2026/09/18 06:54:35 [notice] 1#1: worker process 35 exited with code 0
2026/09/18 06:54:35 [notice] 1#1: signal 29 (SIGIO) received
2026/09/18 06:54:35 [notice] 1#1: signal 17 (SIGCHLD) received from 33
2026/09/18 06:54:35 [notice] 1#1: signal 17 (SIGCHLD) received from 32
2026/09/18 06:54:35 [notice] 1#1: worker process 25 exited with code 0
2026/09/18 06:54:35 [notice] 1#1: worker process 32 exited with code 0
2026/09/18 06:54:35 [notice] 1#1: signal 29 (SIGIO) received
2026/09/18 06:54:35 [notice] 1#1: signal 17 (SIGCHLD) received from 25
2026/09/18 06:54:35 [notice] 1#1: signal 17 (SIGCHLD) received from 24
2026/09/18 06:54:35 [notice] 1#1: worker process 22 exited with code 0
2026/09/18 06:54:35 [notice] 1#1: worker process 24 exited with code 0
2026/09/18 06:54:35 [notice] 1#1: worker process 27 exited with code 0
2026/09/18 06:54:35 [notice] 1#1: worker process 28 exited with code 0
2026/09/18 06:54:35 [notice] 1#1: worker process 30 exited with code 0
2026/09/18 06:54:35 [notice] 1#1: signal 29 (SIGIO) received
2026/09/18 06:54:35 [notice] 1#1: signal 17 (SIGCHLD) received from 27
2026/09/18 06:54:35 [notice] 1#1: signal 17 (SIGCHLD) received from 31
2026/09/18 06:54:35 [notice] 1#1: worker process 31 exited with code 0
2026/09/18 06:54:35 [notice] 1#1: signal 29 (SIGIO) received
2026/09/18 06:54:35 [notice] 1#1: signal 17 (SIGCHLD) received from 34
2026/09/18 06:54:35 [notice] 1#1: worker process 34 exited with code 0
2026/09/18 06:54:35 [notice] 1#1: exit
2026/09/18 10:02:38 [notice] 1#1: using the "epoll" event method
2026/09/18 10:02:38 [notice] 1#1: nginx/1.25.2
2026/09/18 10:02:38 [notice] 1#1: built by gcc 12.2.1 20220924 (Alpine 12.2.1_git20220924-r10) 
2026/09/18 10:02:38 [notice] 1#1: OS: Linux 5.10.16.3-microsoft-standard-WSL2
2026/09/18 10:02:38 [notice] 1#1: getrlimit(RLIMIT_NOFILE): 1048576:1048576
2026/09/18 10:02:38 [notice] 1#1: start worker processes
2026/09/18 10:02:38 [notice] 1#1: start worker process 20
2026/09/18 10:02:38 [notice] 1#1: start worker process 21
2026/09/18 10:02:38 [notice] 1#1: start worker process 22
2026/09/18 10:02:38 [notice] 1#1: start worker process 23
2026/09/18 10:02:38 [notice] 1#1: start worker process 24
2026/09/18 10:02:38 [notice] 1#1: start worker process 25
2026/09/18 10:02:38 [notice] 1#1: start worker process 26
2026/09/18 10:02:38 [notice] 1#1: start worker process 27
2026/09/18 10:02:38 [notice] 1#1: start worker process 28
2026/09/18 10:02:38 [notice] 1#1: start worker process 29
2026/09/18 10:02:38 [notice] 1#1: start worker process 30
2026/09/18 10:02:38 [notice] 1#1: start worker process 31
2026/09/18 10:02:38 [notice] 1#1: start worker process 32
2026/09/18 10:02:38 [notice] 1#1: start worker process 33
2026/09/18 10:02:38 [notice] 1#1: start worker process 34
2026/09/18 10:02:38 [notice] 1#1: start worker process 35
2026/09/18 11:01:26 [notice] 1#1: signal 3 (SIGQUIT) received, shutting down
2026/09/18 11:01:26 [notice] 21#21: gracefully shutting down
2026/09/18 11:01:26 [notice] 20#20: gracefully shutting down
2026/09/18 11:01:26 [notice] 33#33: gracefully shutting down
2026/09/18 11:01:26 [notice] 26#26: gracefully shutting down
2026/09/18 11:01:26 [notice] 30#30: gracefully shutting down
2026/09/18 11:01:26 [notice] 28#28: gracefully shutting down
2026/09/18 11:01:26 [notice] 29#29: gracefully shutting down
2026/09/18 11:01:26 [notice] 22#22: gracefully shutting down
2026/09/18 11:01:26 [notice] 24#24: gracefully shutting down
2026/09/18 11:01:26 [notice] 34#34: gracefully shutting down
2026/09/18 11:01:26 [notice] 35#35: gracefully shutting down
2026/09/18 11:01:26 [notice] 23#23: gracefully shutting down
2026/09/18 11:01:26 [notice] 31#31: gracefully shutting down
2026/09/18 11:01:26 [notice] 27#27: gracefully shutting down
2026/09/18 11:01:26 [notice] 32#32: gracefully shutting down
2026/09/18 11:01:26 [notice] 27#27: exiting
2026/09/18 11:01:26 [notice] 32#32: exiting
2026/09/18 11:01:26 [notice] 25#25: gracefully shutting down
2026/09/18 11:01:26 [notice] 21#21: exiting
2026/09/18 11:01:26 [notice] 33#33: exiting
2026/09/18 11:01:26 [notice] 20#20: exiting
2026/09/18 11:01:26 [notice] 26#26: exiting
2026/09/18 11:01:26 [notice] 28#28: exiting
2026/09/18 11:01:26 [notice] 30#30: exiting
2026/09/18 11:01:26 [notice] 29#29: exiting
2026/09/18 11:01:26 [notice] 22#22: exiting
2026/09/18 11:01:26 [notice] 24#24: exiting
2026/09/18 11:01:26 [notice] 34#34: exiting
2026/09/18 11:01:26 [notice] 35#35: exiting
2026/09/18 11:01:26 [notice] 23#23: exiting
2026/09/18 11:01:26 [notice] 31#31: exiting
2026/09/18 11:01:26 [notice] 25#25: exiting
2026/09/18 11:01:26 [notice] 21#21: exit
2026/09/18 11:01:26 [notice] 27#27: exit
2026/09/18 11:01:26 [notice] 20#20: exit
2026/09/18 11:01:26 [notice] 33#33: exit
2026/09/18 11:01:26 [notice] 28#28: exit
2026/09/18 11:01:26 [notice] 26#26: exit
2026/09/18 11:01:26 [notice] 32#32: exit
2026/09/18 11:01:26 [notice] 22#22: exit
2026/09/18 11:01:26 [notice] 30#30: exit
2026/09/18 11:01:26 [notice] 29#29: exit
2026/09/18 11:01:26 [notice] 24#24: exit
2026/09/18 11:01:26 [notice] 23#23: exit
2026/09/18 11:01:26 [notice] 35#35: exit
2026/09/18 11:01:26 [notice] 34#34: exit
2026/09/18 11:01:26 [notice] 31#31: exit
2026/09/18 11:01:26 [notice] 25#25: exit
2026/09/18 11:01:26 [notice] 1#1: signal 17 (SIGCHLD) received from 32
2026/09/18 11:01:26 [notice] 1#1: worker process 20 exited with code 0
2026/09/18 11:01:26 [notice] 1#1: worker process 21 exited with code 0
2026/09/18 11:01:26 [notice] 1#1: worker process 22 exited with code 0
2026/09/18 11:01:26 [notice] 1#1: worker process 23 exited with code 0
2026/09/18 11:01:26 [notice] 1#1: worker process 25 exited with code 0
2026/09/18 11:01:26 [notice] 1#1: worker process 26 exited with code 0
2026/09/18 11:01:26 [notice] 1#1: worker process 28 exited with code 0
2026/09/18 11:01:26 [notice] 1#1: worker process 29 exited with code 0
2026/09/18 11:01:26 [notice] 1#1: worker process 30 exited with code 0
2026/09/18 11:01:26 [notice] 1#1: worker process 31 exited with code 0
2026/09/18 11:01:26 [notice] 1#1: worker process 32 exited with code 0
2026/09/18 11:01:26 [notice] 1#1: worker process 33 exited with code 0
2026/09/18 11:01:26 [notice] 1#1: worker process 34 exited with code 0
2026/09/18 11:01:26 [notice] 1#1: worker process 35 exited with code 0
2026/09/18 11:01:26 [notice] 1#1: signal 29 (SIGIO) received
2026/09/18 11:01:26 [notice] 1#1: signal 17 (SIGCHLD) received from 28
2026/09/18 11:01:26 [notice] 1#1: signal 17 (SIGCHLD) received from 24
2026/09/18 11:01:26 [notice] 1#1: worker process 24 exited with code 0
2026/09/18 11:01:26 [notice] 1#1: worker process 27 exited with code 0
2026/09/18 11:01:26 [notice] 1#1: exit
2026/09/19 01:13:29 [notice] 1#1: using the "epoll" event method
2026/09/19 01:13:29 [notice] 1#1: nginx/1.25.2
2026/09/19 01:13:29 [notice] 1#1: built by gcc 12.2.1 20220924 (Alpine 12.2.1_git20220924-r10) 
2026/09/19 01:13:29 [notice] 1#1: OS: Linux 5.10.16.3-microsoft-standard-WSL2
2026/09/19 01:13:29 [notice] 1#1: getrlimit(RLIMIT_NOFILE): 1048576:1048576
2026/09/19 01:13:29 [notice] 1#1: start worker processes
2026/09/19 01:13:29 [notice] 1#1: start worker process 20
2026/09/19 01:13:29 [notice] 1#1: start worker process 21
2026/09/19 01:13:29 [notice] 1#1: start worker process 22
2026/09/19 01:13:29 [notice] 1#1: start worker process 23
2026/09/19 01:13:29 [notice] 1#1: start worker process 24
2026/09/19 01:13:29 [notice] 1#1: start worker process 25
2026/09/19 01:13:29 [notice] 1#1: start worker process 26
2026/09/19 01:13:29 [notice] 1#1: start worker process 27
2026/09/19 01:13:29 [notice] 1#1: start worker process 28
2026/09/19 01:13:29 [notice] 1#1: start worker process 29
2026/09/19 01:13:29 [notice] 1#1: start worker process 30
2026/09/19 01:13:29 [notice] 1#1: start worker process 31
2026/09/19 01:13:29 [notice] 1#1: start worker process 32
2026/09/19 01:13:29 [notice] 1#1: start worker process 33
2026/09/19 01:13:29 [notice] 1#1: start worker process 34
2026/09/19 01:13:29 [notice] 1#1: start worker process 35
2026/09/19 05:14:06 [notice] 1#1: signal 3 (SIGQUIT) received, shutting down
2026/09/19 05:14:06 [notice] 23#23: gracefully shutting down
2026/09/19 05:14:06 [notice] 28#28: gracefully shutting down
2026/09/19 05:14:06 [notice] 27#27: gracefully shutting down
2026/09/19 05:14:06 [notice] 32#32: gracefully shutting down
2026/09/19 05:14:06 [notice] 34#34: gracefully shutting down
2026/09/19 05:14:06 [notice] 21#21: gracefully shutting down
2026/09/19 05:14:06 [notice] 27#27: exiting
2026/09/19 05:14:06 [notice] 25#25: gracefully shutting down
2026/09/19 05:14:06 [notice] 29#29: gracefully shutting down
2026/09/19 05:14:06 [notice] 24#24: gracefully shutting down
2026/09/19 05:14:06 [notice] 32#32: exiting
2026/09/19 05:14:06 [notice] 20#20: gracefully shutting down
2026/09/19 05:14:06 [notice] 32#32: exit
2026/09/19 05:14:06 [notice] 22#22: gracefully shutting down
2026/09/19 05:14:06 [notice] 35#35: gracefully shutting down
2026/09/19 05:14:06 [notice] 33#33: gracefully shutting down
2026/09/19 05:14:06 [notice] 26#26: gracefully shutting down
2026/09/19 05:14:06 [notice] 29#29: exiting
2026/09/19 05:14:06 [notice] 29#29: exit
2026/09/19 05:14:06 [notice] 35#35: exiting
2026/09/19 05:14:06 [notice] 31#31: gracefully shutting down
2026/09/19 05:14:06 [notice] 22#22: exiting
2026/09/19 05:14:06 [notice] 22#22: exit
2026/09/19 05:14:06 [notice] 20#20: exiting
2026/09/19 05:14:06 [notice] 26#26: exiting
2026/09/19 05:14:06 [notice] 26#26: exit
2026/09/19 05:14:06 [notice] 30#30: gracefully shutting down
2026/09/19 05:14:06 [notice] 34#34: exiting
2026/09/19 05:14:06 [notice] 34#34: exit
2026/09/19 05:14:06 [notice] 28#28: exiting
2026/09/19 05:14:06 [notice] 23#23: exiting
2026/09/19 05:14:06 [notice] 23#23: exit
2026/09/19 05:14:06 [notice] 21#21: exiting
2026/09/19 05:14:06 [notice] 27#27: exit
2026/09/19 05:14:06 [notice] 24#24: exiting
2026/09/19 05:14:06 [notice] 25#25: exiting
2026/09/19 05:14:06 [notice] 33#33: exiting
2026/09/19 05:14:06 [notice] 24#24: exit
2026/09/19 05:14:06 [notice] 35#35: exit
2026/09/19 05:14:06 [notice] 25#25: exit
2026/09/19 05:14:06 [notice] 20#20: exit
2026/09/19 05:14:06 [notice] 31#31: exiting
2026/09/19 05:14:06 [notice] 30#30: exiting
2026/09/19 05:14:06 [notice] 28#28: exit
2026/09/19 05:14:06 [notice] 21#21: exit
2026/09/19 05:14:06 [notice] 33#33: exit
2026/09/19 05:14:06 [notice] 31#31: exit
2026/09/19 05:14:06 [notice] 30#30: exit
2026/09/19 05:14:06 [notice] 1#1: signal 17 (SIGCHLD) received from 27
2026/09/19 05:14:06 [notice] 1#1: worker process 23 exited with code 0
2026/09/19 05:14:06 [notice] 1#1: worker process 27 exited with code 0
2026/09/19 05:14:06 [notice] 1#1: worker process 28 exited with code 0
2026/09/19 05:14:06 [notice] 1#1: worker process 34 exited with code 0
2026/09/19 05:14:06 [notice] 1#1: signal 29 (SIGIO) received
2026/09/19 05:14:06 [notice] 1#1: signal 17 (SIGCHLD) received from 34
2026/09/19 05:14:06 [notice] 1#1: signal 17 (SIGCHLD) received from 33
2026/09/19 05:14:06 [notice] 1#1: worker process 20 exited with code 0
2026/09/19 05:14:06 [notice] 1#1: worker process 21 exited with code 0
2026/09/19 05:14:06 [notice] 1#1: worker process 26 exited with code 0
2026/09/19 05:14:06 [notice] 1#1: worker process 29 exited with code 0
2026/09/19 05:14:06 [notice] 1#1: worker process 32 exited with code 0
2026/09/19 05:14:06 [notice] 1#1: worker process 33 exited with code 0
2026/09/19 05:14:06 [notice] 1#1: worker process 35 exited with code 0
2026/09/19 05:14:06 [notice] 1#1: signal 29 (SIGIO) received
2026/09/19 05:14:06 [notice] 1#1: signal 17 (SIGCHLD) received from 29
2026/09/19 05:14:06 [notice] 1#1: signal 17 (SIGCHLD) received from 25
2026/09/19 05:14:06 [notice] 1#1: worker process 25 exited with code 0
2026/09/19 05:14:06 [notice] 1#1: worker process 30 exited with code 0
2026/09/19 05:14:06 [notice] 1#1: signal 29 (SIGIO) received
2026/09/19 05:14:06 [notice] 1#1: signal 17 (SIGCHLD) received from 22
2026/09/19 05:14:06 [notice] 1#1: worker process 22 exited with code 0
2026/09/19 05:14:06 [notice] 1#1: worker process 24 exited with code 0
2026/09/19 05:14:06 [notice] 1#1: worker process 31 exited with code 0
2026/09/19 05:14:06 [notice] 1#1: exit
2026/09/19 06:00:23 [notice] 1#1: using the "epoll" event method
2026/09/19 06:00:23 [notice] 1#1: nginx/1.25.2
2026/09/19 06:00:23 [notice] 1#1: built by gcc 12.2.1 20220924 (Alpine 12.2.1_git20220924-r10) 
2026/09/19 06:00:23 [notice] 1#1: OS: Linux 5.10.16.3-microsoft-standard-WSL2
2026/09/19 06:00:23 [notice] 1#1: getrlimit(RLIMIT_NOFILE): 1048576:1048576
2026/09/19 06:00:23 [notice] 1#1: start worker processes
2026/09/19 06:00:23 [notice] 1#1: start worker process 20
2026/09/19 06:00:23 [notice] 1#1: start worker process 21
2026/09/19 06:00:23 [notice] 1#1: start worker process 22
2026/09/19 06:00:23 [notice] 1#1: start worker process 23
2026/09/19 06:00:23 [notice] 1#1: start worker process 24
2026/09/19 06:00:23 [notice] 1#1: start worker process 25
2026/09/19 06:00:23 [notice] 1#1: start worker process 26
2026/09/19 06:00:23 [notice] 1#1: start worker process 27
2026/09/19 06:00:23 [notice] 1#1: start worker process 28
2026/09/19 06:00:23 [notice] 1#1: start worker process 29
2026/09/19 06:00:23 [notice] 1#1: start worker process 30
2026/09/19 06:00:23 [notice] 1#1: start worker process 31
2026/09/19 06:00:23 [notice] 1#1: start worker process 32
2026/09/19 06:00:23 [notice] 1#1: start worker process 33
2026/09/19 06:00:23 [notice] 1#1: start worker process 34
2026/09/19 06:00:23 [notice] 1#1: start worker process 35
